Seed set to 1240896656
Checking input data.
[11:26:46] Depickling from a version number (16.2)that is higher than our version (16.1).
This probably won't work.
[11:26:46] Depickling from a version number (16.2)that is higher than our version (16.1).
This probably won't work.
[11:26:46] Depickling from a version number (16.2)that is higher than our version (16.1).
This probably won't work.
[11:26:46] Depickling from a version number (16.2)that is higher than our version (16.1).
This probably won't work.
[11:26:46] Depickling from a version number (16.2)that is higher than our version (16.1).
This probably won't work.
[11:26:46] Depickling from a version number (16.2)that is higher than our version (16.1).
This probably won't work.
[11:26:46] Depickling from a version number (16.2)that is higher than our version (16.1).
This probably won't work.
[11:26:46] Depickling from a version number (16.2)that is higher than our version (16.1).
This probably won't work.
[11:26:46] Depickling from a version number (16.2)that is higher than our version (16.1).
This probably won't work.
[11:26:46] Depickling from a version number (16.2)that is higher than our version (16.1).
This probably won't work.
[11:26:46] Depickling from a version number (16.2)that is higher than our version (16.1).
This probably won't work.
[11:26:46] Depickling from a version number (16.2)that is higher than our version (16.1).
This probably won't work.
[11:26:46] Depickling from a version number (16.2)that is higher than our version (16.1).
This probably won't work.
[11:26:46] Depickling from a version number (16.2)that is higher than our version (16.1).
This probably won't work.
[11:26:46] Depickling from a version number (16.2)that is higher than our version (16.1).
This probably won't work.
[11:26:46] Depickling from a version number (16.2)that is higher than our version (16.1).
This probably won't work.
[11:26:46] Depickling from a version number (16.2)that is higher than our version (16.1).
This probably won't work.
[11:26:46] Depickling from a version number (16.2)that is higher than our version (16.1).
This probably won't work.
[11:26:46] Depickling from a version number (16.2)that is higher than our version (16.1).
This probably won't work.
[11:26:46] Depickling from a version number (16.2)that is higher than our version (16.1).
This probably won't work.
[11:26:46] Depickling from a version number (16.2)that is higher than our version (16.1).
This probably won't work.
Processing 1 inputs with 1 threads.
  0%|          | 0/1 [00:00<?, ?it/s]Found explicit empty MSA for some proteins, will run these in single sequence mode. Keep in mind that the model predictions will be suboptimal without an MSA.
100%|██████████| 1/1 [00:01<00:00,  1.19s/it]100%|██████████| 1/1 [00:01<00:00,  1.19s/it]
GPU available: True (cuda), used: True
TPU available: False, using: 0 TPU cores
HPU available: False, using: 0 HPUs
/mnt/SSD3/Chase/budgetting O3/experiments/1cll/public_boltz/.venv/lib/python3.12/site-packages/pytorch_lightning/trainer/connectors/logger_connector/logger_connector.py:76: Starting from v1.9.0, `tensorboardX` has been removed as a dependency of the `pytorch_lightning` package, due to potential conflicts with other packages in the ML ecosystem. For this reason, `logger=True` will use `CSVLogger` as the default logger, unless the `tensorboard` or `tensorboardX` packages are found. Please `pip install lightning[extra]` or one of them to enable TensorBoard support by default
Running structure prediction for 1 input.
/mnt/SSD3/Chase/budgetting O3/experiments/1cll/public_boltz/.venv/lib/python3.12/site-packages/pytorch_lightning/utilities/migration/utils.py:56: The loaded checkpoint was produced with Lightning v2.5.0.post0, which is newer than your current Lightning version: v2.5.0

Traceback (most recent call last):
  File "/mnt/SSD3/Chase/budgetting O3/experiments/1cll/public_boltz/.venv/lib/python3.12/site-packages/click/core.py", line 1078, in main
    rv = self.invoke(ctx)
         ^^^^^^^^^^^^^^^^
  File "/mnt/SSD3/Chase/budgetting O3/experiments/1cll/public_boltz/.venv/lib/python3.12/site-packages/click/core.py", line 1688, in invoke
    return _process_result(sub_ctx.command.invoke(sub_ctx))
                           ^^^^^^^^^^^^^^^^^^^^^^^^^^^^^^^
  File "/mnt/SSD3/Chase/budgetting O3/experiments/1cll/public_boltz/.venv/lib/python3.12/site-packages/click/core.py", line 1434, in invoke
    return ctx.invoke(self.callback, **ctx.params)
           ^^^^^^^^^^^^^^^^^^^^^^^^^^^^^^^^^^^^^^^
  File "/mnt/SSD3/Chase/budgetting O3/experiments/1cll/public_boltz/.venv/lib/python3.12/site-packages/click/core.py", line 783, in invoke
    return __callback(*args, **kwargs)
           ^^^^^^^^^^^^^^^^^^^^^^^^^^^
  File "/mnt/SSD3/Chase/budgetting O3/experiments/1cll/public_boltz/.venv/lib/python3.12/site-packages/boltz/main.py", line 1314, in predict
    model_module = model_cls.load_from_checkpoint(
                   ^^^^^^^^^^^^^^^^^^^^^^^^^^^^^^^
  File "/mnt/SSD3/Chase/budgetting O3/experiments/1cll/public_boltz/.venv/lib/python3.12/site-packages/pytorch_lightning/utilities/model_helpers.py", line 125, in wrapper
    return self.method(cls, *args, **kwargs)
           ^^^^^^^^^^^^^^^^^^^^^^^^^^^^^^^^^
  File "/mnt/SSD3/Chase/budgetting O3/experiments/1cll/public_boltz/.venv/lib/python3.12/site-packages/pytorch_lightning/core/module.py", line 1581, in load_from_checkpoint
    loaded = _load_from_checkpoint(
             ^^^^^^^^^^^^^^^^^^^^^^
  File "/mnt/SSD3/Chase/budgetting O3/experiments/1cll/public_boltz/.venv/lib/python3.12/site-packages/pytorch_lightning/core/saving.py", line 91, in _load_from_checkpoint
    model = _load_state(cls, checkpoint, strict=strict, **kwargs)
            ^^^^^^^^^^^^^^^^^^^^^^^^^^^^^^^^^^^^^^^^^^^^^^^^^^^^^
  File "/mnt/SSD3/Chase/budgetting O3/experiments/1cll/public_boltz/.venv/lib/python3.12/site-packages/pytorch_lightning/core/saving.py", line 165, in _load_state
    obj = instantiator(cls, _cls_kwargs) if instantiator else cls(**_cls_kwargs)
                                                              ^^^^^^^^^^^^^^^^^^
  File "/mnt/SSD3/Chase/budgetting O3/experiments/1cll/public_boltz/.venv/lib/python3.12/site-packages/boltz/model/models/boltz2.py", line 219, in __init__
    self.template_module = TemplateV2Module(token_z, **template_args)
                           ^^^^^^^^^^^^^^^^^^^^^^^^^^^^^^^^^^^^^^^^^^
  File "/mnt/SSD3/Chase/budgetting O3/experiments/1cll/public_boltz/.venv/lib/python3.12/site-packages/boltz/model/modules/trunkv2.py", line 401, in __init__
    self.pairformer = PairformerNoSeqModule(
                      ^^^^^^^^^^^^^^^^^^^^^^
  File "/mnt/SSD3/Chase/budgetting O3/experiments/1cll/public_boltz/.venv/lib/python3.12/site-packages/boltz/model/layers/pairformer.py", line 296, in __init__
    PairformerNoSeqLayer(
  File "/mnt/SSD3/Chase/budgetting O3/experiments/1cll/public_boltz/.venv/lib/python3.12/site-packages/boltz/model/layers/pairformer.py", line 221, in __init__
    self.tri_mul_in = TriangleMultiplicationIncoming(token_z)
                      ^^^^^^^^^^^^^^^^^^^^^^^^^^^^^^^^^^^^^^^
  File "/mnt/SSD3/Chase/budgetting O3/experiments/1cll/public_boltz/.venv/lib/python3.12/site-packages/boltz/model/layers/triangular_mult.py", line 152, in __init__
    init.lecun_normal_init_(self.p_in.weight)
  File "/mnt/SSD3/Chase/budgetting O3/experiments/1cll/public_boltz/.venv/lib/python3.12/site-packages/boltz/model/layers/initialize.py", line 62, in lecun_normal_init_
    trunc_normal_init_(weights, scale=1.0)
  File "/mnt/SSD3/Chase/budgetting O3/experiments/1cll/public_boltz/.venv/lib/python3.12/site-packages/boltz/model/layers/initialize.py", line 55, in trunc_normal_init_
    samples = truncnorm.rvs(a=a, b=b, loc=0, scale=std, size=size)
              ^^^^^^^^^^^^^^^^^^^^^^^^^^^^^^^^^^^^^^^^^^^^^^^^^^^^
  File "/mnt/SSD3/Chase/budgetting O3/experiments/1cll/public_boltz/.venv/lib/python3.12/site-packages/scipy/stats/_distn_infrastructure.py", line 1069, in rvs
    vals = self._rvs(*args, size=size, random_state=random_state)
           ^^^^^^^^^^^^^^^^^^^^^^^^^^^^^^^^^^^^^^^^^^^^^^^^^^^^^^
  File "/mnt/SSD3/Chase/budgetting O3/experiments/1cll/public_boltz/.venv/lib/python3.12/site-packages/scipy/stats/_distn_infrastructure.py", line 995, in _rvs
    Y = self._ppf(U, *args)
        ^^^^^^^^^^^^^^^^^^^
  File "/mnt/SSD3/Chase/budgetting O3/experiments/1cll/public_boltz/.venv/lib/python3.12/site-packages/scipy/stats/_continuous_distns.py", line 9820, in _ppf
    out[case_left] = ppf_left(q_left, a[case_left], b[case_left])
                     ^^^^^^^^^^^^^^^^^^^^^^^^^^^^^^^^^^^^^^^^^^^^
  File "/mnt/SSD3/Chase/budgetting O3/experiments/1cll/public_boltz/.venv/lib/python3.12/site-packages/scipy/stats/_continuous_distns.py", line 9806, in ppf_left
    np.log(q) + _log_gauss_mass(a, b))
                ^^^^^^^^^^^^^^^^^^^^^
  File "/mnt/SSD3/Chase/budgetting O3/experiments/1cll/public_boltz/.venv/lib/python3.12/site-packages/scipy/stats/_continuous_distns.py", line 9675, in _log_gauss_mass
    out[case_central] = mass_case_central(a[case_central], b[case_central])
                        ^^^^^^^^^^^^^^^^^^^^^^^^^^^^^^^^^^^^^^^^^^^^^^^^^^^
  File "/mnt/SSD3/Chase/budgetting O3/experiments/1cll/public_boltz/.venv/lib/python3.12/site-packages/scipy/stats/_continuous_distns.py", line 9666, in mass_case_central
    return sc.log1p(-_norm_cdf(a) - _norm_cdf(-b))
                     ^^^^^^^^^^^^
  File "/mnt/SSD3/Chase/budgetting O3/experiments/1cll/public_boltz/.venv/lib/python3.12/site-packages/scipy/stats/_continuous_distns.py", line 309, in _norm_cdf
    return sc.ndtr(x)
           ^^^^^^^^^^
KeyboardInterrupt

The above exception was the direct cause of the following exception:

Traceback (most recent call last):
  File "/mnt/SSD3/Chase/budgetting O3/experiments/1cll/public_batch_entry.py", line 115, in <module>
    main()
  File "/mnt/SSD3/Chase/budgetting O3/experiments/1cll/public_batch_entry.py", line 106, in main
    boltz_main.cli.main(args=[
  File "/mnt/SSD3/Chase/budgetting O3/experiments/1cll/public_boltz/.venv/lib/python3.12/site-packages/click/core.py", line 1091, in main
    raise Abort() from e
click.exceptions.Abort
