
=== 2026-09-09T11:30:07.932094 GPU 2 seeds [1326055816] ===
[best-k-of-n] persistent inference: 7 batches, limit=16
[best-k-of-n] inference log: /mnt/SSD3/Chase/budgetting O3/outputs/1cll/k10_n100/best_k_of_n/runs/sep09_step1_r5/replicate_1326055816/boltz_batches.log
O3 runner: PDB-output/TM-score fix enabled
[o3] seed mode: explicit_list
[o3] shared replicate seeds: [1326055816]
[Boltz-2] auto precision selected 32 for NVIDIA GeForce GTX TITAN X
All inputs are already processed.
[11:44:54] Depickling from a version number (16.2)that is higher than our version (16.1).
This probably won't work.
[11:44:54] Depickling from a version number (16.2)that is higher than our version (16.1).
This probably won't work.
[11:44:54] Depickling from a version number (16.2)that is higher than our version (16.1).
This probably won't work.
[11:44:54] Depickling from a version number (16.2)that is higher than our version (16.1).
This probably won't work.
[11:44:54] Depickling from a version number (16.2)that is higher than our version (16.1).
This probably won't work.
[11:44:54] Depickling from a version number (16.2)that is higher than our version (16.1).
This probably won't work.
[11:44:54] Depickling from a version number (16.2)that is higher than our version (16.1).
This probably won't work.
[11:44:54] Depickling from a version number (16.2)that is higher than our version (16.1).
This probably won't work.
[11:44:54] Depickling from a version number (16.2)that is higher than our version (16.1).
This probably won't work.
[11:44:54] Depickling from a version number (16.2)that is higher than our version (16.1).
This probably won't work.
[11:44:54] Depickling from a version number (16.2)that is higher than our version (16.1).
This probably won't work.
[11:44:54] Depickling from a version number (16.2)that is higher than our version (16.1).
This probably won't work.
[11:44:54] Depickling from a version number (16.2)that is higher than our version (16.1).
This probably won't work.
[11:44:54] Depickling from a version number (16.2)that is higher than our version (16.1).
This probably won't work.
[11:44:54] Depickling from a version number (16.2)that is higher than our version (16.1).
This probably won't work.
[11:44:54] Depickling from a version number (16.2)that is higher than our version (16.1).
This probably won't work.
[11:44:54] Depickling from a version number (16.2)that is higher than our version (16.1).
This probably won't work.
[11:44:54] Depickling from a version number (16.2)that is higher than our version (16.1).
This probably won't work.
[11:44:54] Depickling from a version number (16.2)that is higher than our version (16.1).
This probably won't work.
[11:44:54] Depickling from a version number (16.2)that is higher than our version (16.1).
This probably won't work.
[11:44:54] Depickling from a version number (16.2)that is higher than our version (16.1).
This probably won't work.
Processing 0 inputs with 0 threads.
0it [00:00, ?it/s]0it [00:00, ?it/s]
[11:44:54] Depickling from a version number (16.2)that is higher than our version (16.1).
This probably won't work.
[11:44:54] Depickling from a version number (16.2)that is higher than our version (16.1).
This probably won't work.
[11:44:54] Depickling from a version number (16.2)that is higher than our version (16.1).
This probably won't work.
[11:44:54] Depickling from a version number (16.2)that is higher than our version (16.1).
This probably won't work.
[11:44:54] Depickling from a version number (16.2)that is higher than our version (16.1).
This probably won't work.
[11:44:54] Depickling from a version number (16.2)that is higher than our version (16.1).
This probably won't work.
[11:44:54] Depickling from a version number (16.2)that is higher than our version (16.1).
This probably won't work.
[11:44:54] Depickling from a version number (16.2)that is higher than our version (16.1).
This probably won't work.
[11:44:54] Depickling from a version number (16.2)that is higher than our version (16.1).
This probably won't work.
[11:44:54] Depickling from a version number (16.2)that is higher than our version (16.1).
This probably won't work.
[11:44:54] Depickling from a version number (16.2)that is higher than our version (16.1).
This probably won't work.
[11:44:54] Depickling from a version number (16.2)that is higher than our version (16.1).
This probably won't work.
[11:44:54] Depickling from a version number (16.2)that is higher than our version (16.1).
This probably won't work.
[11:44:54] Depickling from a version number (16.2)that is higher than our version (16.1).
This probably won't work.
[11:44:54] Depickling from a version number (16.2)that is higher than our version (16.1).
This probably won't work.
[11:44:54] Depickling from a version number (16.2)that is higher than our version (16.1).
This probably won't work.
[11:44:54] Depickling from a version number (16.2)that is higher than our version (16.1).
This probably won't work.
[11:44:54] Depickling from a version number (16.2)that is higher than our version (16.1).
This probably won't work.
[11:44:54] Depickling from a version number (16.2)that is higher than our version (16.1).
This probably won't work.
[11:44:54] Depickling from a version number (16.2)that is higher than our version (16.1).
This probably won't work.
[11:44:54] Depickling from a version number (16.2)that is higher than our version (16.1).
This probably won't work.
Boltz atom tensor: 1134 real atoms, 1184 padded sampler slots.
Generator latent_dim=3552
[n100_k10 method=o3 seed=1326055816] starting
[n100_k10 seed=1326055816] O3 protocol: 50 random Z samples -> select best 5 seeds -> 2 random U samples -> 48 BO samples
[n100_k10 seed=1326055816] Total = 50 + 2 + 48 = 100 oracle evaluations
[n100_k10 seed=1326055816] [>                       ] 0/100 generating phase1_random batch=16
[Boltz-2] sampling=deterministic PF-ODE | deterministic=True | latent=explicit z | gamma_0=0
[n100_k10 seed=1326055816] [>                       ] 1/100 completed | score=0.7316
[n100_k10 seed=1326055816] [>                       ] 2/100 completed | score=0.4964
[n100_k10 seed=1326055816] [>                       ] 3/100 completed | score=0.4573
[n100_k10 seed=1326055816] [>                       ] 4/100 completed | score=0.7310
[n100_k10 seed=1326055816] [=>                      ] 5/100 completed | score=0.5993
[n100_k10 seed=1326055816] [=>                      ] 6/100 completed | score=0.7923
[n100_k10 seed=1326055816] [=>                      ] 7/100 completed | score=0.5035
[n100_k10 seed=1326055816] [=>                      ] 8/100 completed | score=0.6313
[n100_k10 seed=1326055816] [==>                     ] 9/100 completed | score=0.6840
[n100_k10 seed=1326055816] [==>                     ] 10/100 completed | score=0.4662
[n100_k10 seed=1326055816] [==>                     ] 11/100 completed | score=0.5652
[n100_k10 seed=1326055816] [==>                     ] 12/100 completed | score=0.7249
[n100_k10 seed=1326055816] [===>                    ] 13/100 completed | score=0.6970
[n100_k10 seed=1326055816] [===>                    ] 14/100 completed | score=0.5452
[n100_k10 seed=1326055816] [===>                    ] 15/100 completed | score=0.6143
[n100_k10 seed=1326055816] [===>                    ] 16/100 completed | score=0.5246
[n100_k10 seed=1326055816] [===>                    ] 16/100 generating phase1_random batch=16
[Boltz-2] sampling=deterministic PF-ODE | deterministic=True | latent=explicit z | gamma_0=0
[n100_k10 seed=1326055816] [====>                   ] 17/100 completed | score=0.5577
[n100_k10 seed=1326055816] [====>                   ] 18/100 completed | score=0.7171
[n100_k10 seed=1326055816] [====>                   ] 19/100 completed | score=0.4447
[n100_k10 seed=1326055816] [====>                   ] 20/100 completed | score=0.7877
[n100_k10 seed=1326055816] [=====>                  ] 21/100 completed | score=0.6648
[n100_k10 seed=1326055816] [=====>                  ] 22/100 completed | score=0.5606
[n100_k10 seed=1326055816] [=====>                  ] 23/100 completed | score=0.5369
[n100_k10 seed=1326055816] [=====>                  ] 24/100 completed | score=0.7170
[n100_k10 seed=1326055816] [======>                 ] 25/100 completed | score=0.8438
[n100_k10 seed=1326055816] [======>                 ] 26/100 completed | score=0.4825
[n100_k10 seed=1326055816] [======>                 ] 27/100 completed | score=0.4115
[n100_k10 seed=1326055816] [======>                 ] 28/100 completed | score=0.7398
[n100_k10 seed=1326055816] [======>                 ] 29/100 completed | score=0.6289
[n100_k10 seed=1326055816] [=======>                ] 30/100 completed | score=0.5570
[n100_k10 seed=1326055816] [=======>                ] 31/100 completed | score=0.6439
[n100_k10 seed=1326055816] [=======>                ] 32/100 completed | score=0.5998
[n100_k10 seed=1326055816] [=======>                ] 32/100 generating phase1_random batch=16
[Boltz-2] sampling=deterministic PF-ODE | deterministic=True | latent=explicit z | gamma_0=0
[n100_k10 seed=1326055816] [=======>                ] 33/100 completed | score=0.5907
[n100_k10 seed=1326055816] [========>               ] 34/100 completed | score=0.6394
[n100_k10 seed=1326055816] [========>               ] 35/100 completed | score=0.6798
[n100_k10 seed=1326055816] [========>               ] 36/100 completed | score=0.5964
[n100_k10 seed=1326055816] [========>               ] 37/100 completed | score=0.5734
[n100_k10 seed=1326055816] [=========>              ] 38/100 completed | score=0.5767
[n100_k10 seed=1326055816] [=========>              ] 39/100 completed | score=0.6295
[n100_k10 seed=1326055816] [=========>              ] 40/100 completed | score=0.5273
[n100_k10 seed=1326055816] [=========>              ] 41/100 completed | score=0.5092
[n100_k10 seed=1326055816] [==========>             ] 42/100 completed | score=0.5581
[n100_k10 seed=1326055816] [==========>             ] 43/100 completed | score=0.6652
[n100_k10 seed=1326055816] [==========>             ] 44/100 completed | score=0.7210
[n100_k10 seed=1326055816] [==========>             ] 45/100 completed | score=0.7452
[n100_k10 seed=1326055816] [===========>            ] 46/100 completed | score=0.6179
[n100_k10 seed=1326055816] [===========>            ] 47/100 completed | score=0.6623
[n100_k10 seed=1326055816] [===========>            ] 48/100 completed | score=0.4901
[n100_k10 seed=1326055816] [===========>            ] 48/100 generating phase1_random batch=2
[Boltz-2] sampling=deterministic PF-ODE | deterministic=True | latent=explicit z | gamma_0=0
[n100_k10 seed=1326055816] [===========>            ] 49/100 completed | score=0.6025
[n100_k10 seed=1326055816] [============>           ] 50/100 completed | score=0.6543
[n100_k10 seed=1326055816] phase 1 complete: selected best 5 seeds from 50 random Z samples by oracle TM-score (index:score=24:0.8438, 5:0.7923, 19:0.7877, 44:0.7452, 27:0.7398)
[n100_k10 seed=1326055816] phase 2: constructing U from the selected 5 seeds and evaluating 2 random U samples (U dimension=4)
[n100_k10 seed=1326055816] [============>           ] 50/100 generating bo_initial_random batch=2
[Boltz-2] sampling=deterministic PF-ODE | deterministic=True | latent=explicit z | gamma_0=0
[n100_k10 seed=1326055816] [============>           ] 51/100 completed | score=0.4561
[n100_k10 seed=1326055816] [============>           ] 52/100 completed | score=0.4726
[n100_k10 seed=1326055816] phase 2 complete: 50 random Z + 2 random U = 52/100 evaluations; starting phase 3 BO for 48 rounds
[n100_k10 seed=1326055816] [============>           ] 52/100 fitting BO round 1/48
[n100_k10 seed=1326055816] [============>           ] 52/100 generating bo_acquisition batch=1
[Boltz-2] sampling=deterministic PF-ODE | deterministic=True | latent=explicit z | gamma_0=0
[n100_k10 seed=1326055816] [============>           ] 53/100 completed | score=0.8436
[n100_k10 seed=1326055816] [============>           ] 53/100 fitting BO round 2/48
[n100_k10 seed=1326055816] [============>           ] 53/100 generating bo_acquisition batch=1
[Boltz-2] sampling=deterministic PF-ODE | deterministic=True | latent=explicit z | gamma_0=0
[n100_k10 seed=1326055816] [============>           ] 54/100 completed | score=0.8436
[n100_k10 seed=1326055816] [============>           ] 54/100 fitting BO round 3/48
[n100_k10 seed=1326055816] [============>           ] 54/100 generating bo_acquisition batch=1
[Boltz-2] sampling=deterministic PF-ODE | deterministic=True | latent=explicit z | gamma_0=0
[n100_k10 seed=1326055816] [=============>          ] 55/100 completed | score=0.8436
[n100_k10 seed=1326055816] [=============>          ] 55/100 fitting BO round 4/48
[n100_k10 seed=1326055816] [=============>          ] 55/100 generating bo_acquisition batch=1
[Boltz-2] sampling=deterministic PF-ODE | deterministic=True | latent=explicit z | gamma_0=0
[n100_k10 seed=1326055816] [=============>          ] 56/100 completed | score=0.7328
[n100_k10 seed=1326055816] [=============>          ] 56/100 fitting BO round 5/48
[n100_k10 seed=1326055816] [=============>          ] 56/100 generating bo_acquisition batch=1
[Boltz-2] sampling=deterministic PF-ODE | deterministic=True | latent=explicit z | gamma_0=0
[n100_k10 seed=1326055816] [=============>          ] 57/100 completed | score=0.8437
[n100_k10 seed=1326055816] [=============>          ] 57/100 fitting BO round 6/48
[n100_k10 seed=1326055816] [=============>          ] 57/100 generating bo_acquisition batch=1
[Boltz-2] sampling=deterministic PF-ODE | deterministic=True | latent=explicit z | gamma_0=0
[n100_k10 seed=1326055816] [=============>          ] 58/100 completed | score=0.5187
[n100_k10 seed=1326055816] [=============>          ] 58/100 fitting BO round 7/48
[n100_k10 seed=1326055816] [=============>          ] 58/100 generating bo_acquisition batch=1
[Boltz-2] sampling=deterministic PF-ODE | deterministic=True | latent=explicit z | gamma_0=0
[n100_k10 seed=1326055816] [==============>         ] 59/100 completed | score=0.4665
[n100_k10 seed=1326055816] [==============>         ] 59/100 fitting BO round 8/48
[n100_k10 seed=1326055816] [==============>         ] 59/100 generating bo_acquisition batch=1
[Boltz-2] sampling=deterministic PF-ODE | deterministic=True | latent=explicit z | gamma_0=0
[n100_k10 seed=1326055816] [==============>         ] 60/100 completed | score=0.5886
[n100_k10 seed=1326055816] [==============>         ] 60/100 fitting BO round 9/48
[n100_k10 seed=1326055816] [==============>         ] 60/100 generating bo_acquisition batch=1
[Boltz-2] sampling=deterministic PF-ODE | deterministic=True | latent=explicit z | gamma_0=0
[n100_k10 seed=1326055816] [==============>         ] 61/100 completed | score=0.5563
[n100_k10 seed=1326055816] [==============>         ] 61/100 fitting BO round 10/48
[n100_k10 seed=1326055816] [==============>         ] 61/100 generating bo_acquisition batch=1
[Boltz-2] sampling=deterministic PF-ODE | deterministic=True | latent=explicit z | gamma_0=0
[n100_k10 seed=1326055816] [==============>         ] 62/100 completed | score=0.5018
[n100_k10 seed=1326055816] [==============>         ] 62/100 fitting BO round 11/48
[n100_k10 seed=1326055816] [==============>         ] 62/100 generating bo_acquisition batch=1
[Boltz-2] sampling=deterministic PF-ODE | deterministic=True | latent=explicit z | gamma_0=0
[n100_k10 seed=1326055816] [===============>        ] 63/100 completed | score=0.5743
[n100_k10 seed=1326055816] [===============>        ] 63/100 fitting BO round 12/48
[n100_k10 seed=1326055816] [===============>        ] 63/100 generating bo_acquisition batch=1
[Boltz-2] sampling=deterministic PF-ODE | deterministic=True | latent=explicit z | gamma_0=0
[n100_k10 seed=1326055816] [===============>        ] 64/100 completed | score=0.5766
[n100_k10 seed=1326055816] [===============>        ] 64/100 fitting BO round 13/48
[n100_k10 seed=1326055816] [===============>        ] 64/100 generating bo_acquisition batch=1
[Boltz-2] sampling=deterministic PF-ODE | deterministic=True | latent=explicit z | gamma_0=0
[n100_k10 seed=1326055816] [===============>        ] 65/100 completed | score=0.6471
[n100_k10 seed=1326055816] [===============>        ] 65/100 fitting BO round 14/48
[n100_k10 seed=1326055816] [===============>        ] 65/100 generating bo_acquisition batch=1
[Boltz-2] sampling=deterministic PF-ODE | deterministic=True | latent=explicit z | gamma_0=0
[n100_k10 seed=1326055816] [===============>        ] 66/100 completed | score=0.4546
[n100_k10 seed=1326055816] [===============>        ] 66/100 fitting BO round 15/48
[n100_k10 seed=1326055816] [===============>        ] 66/100 generating bo_acquisition batch=1
[Boltz-2] sampling=deterministic PF-ODE | deterministic=True | latent=explicit z | gamma_0=0
[n100_k10 seed=1326055816] [================>       ] 67/100 completed | score=0.5744
[n100_k10 seed=1326055816] [================>       ] 67/100 fitting BO round 16/48
[n100_k10 seed=1326055816] [================>       ] 67/100 generating bo_acquisition batch=1
[Boltz-2] sampling=deterministic PF-ODE | deterministic=True | latent=explicit z | gamma_0=0
[n100_k10 seed=1326055816] [================>       ] 68/100 completed | score=0.6631
[n100_k10 seed=1326055816] [================>       ] 68/100 fitting BO round 17/48
[n100_k10 seed=1326055816] [================>       ] 68/100 generating bo_acquisition batch=1
[Boltz-2] sampling=deterministic PF-ODE | deterministic=True | latent=explicit z | gamma_0=0
[n100_k10 seed=1326055816] [================>       ] 69/100 completed | score=0.5692
[n100_k10 seed=1326055816] [================>       ] 69/100 fitting BO round 18/48
[n100_k10 seed=1326055816] [================>       ] 69/100 generating bo_acquisition batch=1
[Boltz-2] sampling=deterministic PF-ODE | deterministic=True | latent=explicit z | gamma_0=0
[n100_k10 seed=1326055816] [================>       ] 70/100 completed | score=0.5659
[n100_k10 seed=1326055816] [================>       ] 70/100 fitting BO round 19/48
[n100_k10 seed=1326055816] [================>       ] 70/100 generating bo_acquisition batch=1
[Boltz-2] sampling=deterministic PF-ODE | deterministic=True | latent=explicit z | gamma_0=0
[n100_k10 seed=1326055816] [=================>      ] 71/100 completed | score=0.6250
[n100_k10 seed=1326055816] [=================>      ] 71/100 fitting BO round 20/48
[n100_k10 seed=1326055816] [=================>      ] 71/100 generating bo_acquisition batch=1
[Boltz-2] sampling=deterministic PF-ODE | deterministic=True | latent=explicit z | gamma_0=0
[n100_k10 seed=1326055816] [=================>      ] 72/100 completed | score=0.4494
[n100_k10 seed=1326055816] [=================>      ] 72/100 fitting BO round 21/48
[n100_k10 seed=1326055816] [=================>      ] 72/100 generating bo_acquisition batch=1
[Boltz-2] sampling=deterministic PF-ODE | deterministic=True | latent=explicit z | gamma_0=0
[n100_k10 seed=1326055816] [=================>      ] 73/100 completed | score=0.5166
[n100_k10 seed=1326055816] [=================>      ] 73/100 fitting BO round 22/48
[n100_k10 seed=1326055816] [=================>      ] 73/100 generating bo_acquisition batch=1
[Boltz-2] sampling=deterministic PF-ODE | deterministic=True | latent=explicit z | gamma_0=0
[n100_k10 seed=1326055816] [=================>      ] 74/100 completed | score=0.5419
[n100_k10 seed=1326055816] [=================>      ] 74/100 fitting BO round 23/48
[n100_k10 seed=1326055816] [=================>      ] 74/100 generating bo_acquisition batch=1
[Boltz-2] sampling=deterministic PF-ODE | deterministic=True | latent=explicit z | gamma_0=0
[n100_k10 seed=1326055816] [==================>     ] 75/100 completed | score=0.7318
[n100_k10 seed=1326055816] [==================>     ] 75/100 fitting BO round 24/48
[n100_k10 seed=1326055816] [==================>     ] 75/100 generating bo_acquisition batch=1
[Boltz-2] sampling=deterministic PF-ODE | deterministic=True | latent=explicit z | gamma_0=0
[n100_k10 seed=1326055816] [==================>     ] 76/100 completed | score=0.5238
[n100_k10 seed=1326055816] [==================>     ] 76/100 fitting BO round 25/48
[n100_k10 seed=1326055816] [==================>     ] 76/100 generating bo_acquisition batch=1
[Boltz-2] sampling=deterministic PF-ODE | deterministic=True | latent=explicit z | gamma_0=0
[n100_k10 seed=1326055816] [==================>     ] 77/100 completed | score=0.6368
[n100_k10 seed=1326055816] [==================>     ] 77/100 fitting BO round 26/48
[n100_k10 seed=1326055816] [==================>     ] 77/100 generating bo_acquisition batch=1
[Boltz-2] sampling=deterministic PF-ODE | deterministic=True | latent=explicit z | gamma_0=0
[n100_k10 seed=1326055816] [==================>     ] 78/100 completed | score=0.5850
[n100_k10 seed=1326055816] [==================>     ] 78/100 fitting BO round 27/48
[n100_k10 seed=1326055816] [==================>     ] 78/100 generating bo_acquisition batch=1
[Boltz-2] sampling=deterministic PF-ODE | deterministic=True | latent=explicit z | gamma_0=0
[n100_k10 seed=1326055816] [==================>     ] 79/100 completed | score=0.6327
[n100_k10 seed=1326055816] [==================>     ] 79/100 fitting BO round 28/48
[n100_k10 seed=1326055816] [==================>     ] 79/100 generating bo_acquisition batch=1
[Boltz-2] sampling=deterministic PF-ODE | deterministic=True | latent=explicit z | gamma_0=0
[n100_k10 seed=1326055816] [===================>    ] 80/100 completed | score=0.6183
[n100_k10 seed=1326055816] [===================>    ] 80/100 fitting BO round 29/48
[n100_k10 seed=1326055816] [===================>    ] 80/100 generating bo_acquisition batch=1
[Boltz-2] sampling=deterministic PF-ODE | deterministic=True | latent=explicit z | gamma_0=0
[n100_k10 seed=1326055816] [===================>    ] 81/100 completed | score=0.6085
[n100_k10 seed=1326055816] [===================>    ] 81/100 fitting BO round 30/48
[n100_k10 seed=1326055816] [===================>    ] 81/100 generating bo_acquisition batch=1
[Boltz-2] sampling=deterministic PF-ODE | deterministic=True | latent=explicit z | gamma_0=0
[n100_k10 seed=1326055816] [===================>    ] 82/100 completed | score=0.5903
[n100_k10 seed=1326055816] [===================>    ] 82/100 fitting BO round 31/48
[n100_k10 seed=1326055816] [===================>    ] 82/100 generating bo_acquisition batch=1
[Boltz-2] sampling=deterministic PF-ODE | deterministic=True | latent=explicit z | gamma_0=0
[n100_k10 seed=1326055816] [===================>    ] 83/100 completed | score=0.6783
[n100_k10 seed=1326055816] [===================>    ] 83/100 fitting BO round 32/48
[n100_k10 seed=1326055816] [===================>    ] 83/100 generating bo_acquisition batch=1
[Boltz-2] sampling=deterministic PF-ODE | deterministic=True | latent=explicit z | gamma_0=0
[n100_k10 seed=1326055816] [====================>   ] 84/100 completed | score=0.7106
[n100_k10 seed=1326055816] [====================>   ] 84/100 fitting BO round 33/48
[n100_k10 seed=1326055816] [====================>   ] 84/100 generating bo_acquisition batch=1
[Boltz-2] sampling=deterministic PF-ODE | deterministic=True | latent=explicit z | gamma_0=0
[n100_k10 seed=1326055816] [====================>   ] 85/100 completed | score=0.6555
[n100_k10 seed=1326055816] [====================>   ] 85/100 fitting BO round 34/48
[n100_k10 seed=1326055816] [====================>   ] 85/100 generating bo_acquisition batch=1
[Boltz-2] sampling=deterministic PF-ODE | deterministic=True | latent=explicit z | gamma_0=0
[n100_k10 seed=1326055816] [====================>   ] 86/100 completed | score=0.7062
[n100_k10 seed=1326055816] [====================>   ] 86/100 fitting BO round 35/48
[n100_k10 seed=1326055816] [====================>   ] 86/100 generating bo_acquisition batch=1
[Boltz-2] sampling=deterministic PF-ODE | deterministic=True | latent=explicit z | gamma_0=0
[n100_k10 seed=1326055816] [====================>   ] 87/100 completed | score=0.6947
[n100_k10 seed=1326055816] [====================>   ] 87/100 fitting BO round 36/48
[n100_k10 seed=1326055816] [====================>   ] 87/100 generating bo_acquisition batch=1
[Boltz-2] sampling=deterministic PF-ODE | deterministic=True | latent=explicit z | gamma_0=0
[n100_k10 seed=1326055816] [=====================>  ] 88/100 completed | score=0.6299
[n100_k10 seed=1326055816] [=====================>  ] 88/100 fitting BO round 37/48
[n100_k10 seed=1326055816] [=====================>  ] 88/100 generating bo_acquisition batch=1
[Boltz-2] sampling=deterministic PF-ODE | deterministic=True | latent=explicit z | gamma_0=0
[n100_k10 seed=1326055816] [=====================>  ] 89/100 completed | score=0.6678
[n100_k10 seed=1326055816] [=====================>  ] 89/100 fitting BO round 38/48
[n100_k10 seed=1326055816] [=====================>  ] 89/100 generating bo_acquisition batch=1
[Boltz-2] sampling=deterministic PF-ODE | deterministic=True | latent=explicit z | gamma_0=0
[n100_k10 seed=1326055816] [=====================>  ] 90/100 completed | score=0.6405
[n100_k10 seed=1326055816] [=====================>  ] 90/100 fitting BO round 39/48
[n100_k10 seed=1326055816] [=====================>  ] 90/100 generating bo_acquisition batch=1
[Boltz-2] sampling=deterministic PF-ODE | deterministic=True | latent=explicit z | gamma_0=0
[n100_k10 seed=1326055816] [=====================>  ] 91/100 completed | score=0.6566
[n100_k10 seed=1326055816] [=====================>  ] 91/100 fitting BO round 40/48
[n100_k10 seed=1326055816] [=====================>  ] 91/100 generating bo_acquisition batch=1
[Boltz-2] sampling=deterministic PF-ODE | deterministic=True | latent=explicit z | gamma_0=0
[n100_k10 seed=1326055816] [======================> ] 92/100 completed | score=0.4427
[n100_k10 seed=1326055816] [======================> ] 92/100 fitting BO round 41/48
[n100_k10 seed=1326055816] [======================> ] 92/100 generating bo_acquisition batch=1
[Boltz-2] sampling=deterministic PF-ODE | deterministic=True | latent=explicit z | gamma_0=0
[n100_k10 seed=1326055816] [======================> ] 93/100 completed | score=0.6608
[n100_k10 seed=1326055816] [======================> ] 93/100 fitting BO round 42/48
[n100_k10 seed=1326055816] [======================> ] 93/100 generating bo_acquisition batch=1
[Boltz-2] sampling=deterministic PF-ODE | deterministic=True | latent=explicit z | gamma_0=0
[n100_k10 seed=1326055816] [======================> ] 94/100 completed | score=0.6482
[n100_k10 seed=1326055816] [======================> ] 94/100 fitting BO round 43/48
[n100_k10 seed=1326055816] [======================> ] 94/100 generating bo_acquisition batch=1
[Boltz-2] sampling=deterministic PF-ODE | deterministic=True | latent=explicit z | gamma_0=0
[n100_k10 seed=1326055816] [======================> ] 95/100 completed | score=0.6269
[n100_k10 seed=1326055816] [======================> ] 95/100 fitting BO round 44/48
[n100_k10 seed=1326055816] [======================> ] 95/100 generating bo_acquisition batch=1
[Boltz-2] sampling=deterministic PF-ODE | deterministic=True | latent=explicit z | gamma_0=0
[n100_k10 seed=1326055816] [=======================>] 96/100 completed | score=0.4541
[n100_k10 seed=1326055816] [=======================>] 96/100 fitting BO round 45/48
[n100_k10 seed=1326055816] [=======================>] 96/100 generating bo_acquisition batch=1
[Boltz-2] sampling=deterministic PF-ODE | deterministic=True | latent=explicit z | gamma_0=0
[n100_k10 seed=1326055816] [=======================>] 97/100 completed | score=0.6213
[n100_k10 seed=1326055816] [=======================>] 97/100 fitting BO round 46/48
[n100_k10 seed=1326055816] [=======================>] 97/100 generating bo_acquisition batch=1
[Boltz-2] sampling=deterministic PF-ODE | deterministic=True | latent=explicit z | gamma_0=0
[n100_k10 seed=1326055816] [=======================>] 98/100 completed | score=0.6922
[n100_k10 seed=1326055816] [=======================>] 98/100 fitting BO round 47/48
[n100_k10 seed=1326055816] [=======================>] 98/100 generating bo_acquisition batch=1
[Boltz-2] sampling=deterministic PF-ODE | deterministic=True | latent=explicit z | gamma_0=0
[n100_k10 seed=1326055816] [=======================>] 99/100 completed | score=0.6520
[n100_k10 seed=1326055816] [=======================>] 99/100 fitting BO round 48/48
[n100_k10 seed=1326055816] [=======================>] 99/100 generating bo_acquisition batch=1
[Boltz-2] sampling=deterministic PF-ODE | deterministic=True | latent=explicit z | gamma_0=0
[n100_k10 seed=1326055816] [========================] 100/100 completed | score=0.6597
[n100_k10 seed=1326055816] O3 protocol complete: 50 + 2 + 48 = 100 oracle evaluations
[n100_k10 method=o3 seed=1326055816] max-of-K=0.8438 mean-of-K=0.8016
Worker finished 1 O3 replicate(s) in /mnt/SSD3/Chase/budgetting O3/outputs/1cll/k10_n100/o3/runs/sep09_step1_r5
[Boltz-2] auto precision selected 32 for NVIDIA GeForce GTX TITAN X
All inputs are already processed.
[12:10:10] Depickling from a version number (16.2)that is higher than our version (16.1).
This probably won't work.
[12:10:10] Depickling from a version number (16.2)that is higher than our version (16.1).
This probably won't work.
[12:10:10] Depickling from a version number (16.2)that is higher than our version (16.1).
This probably won't work.
[12:10:10] Depickling from a version number (16.2)that is higher than our version (16.1).
This probably won't work.
[12:10:10] Depickling from a version number (16.2)that is higher than our version (16.1).
This probably won't work.
[12:10:10] Depickling from a version number (16.2)that is higher than our version (16.1).
This probably won't work.
[12:10:10] Depickling from a version number (16.2)that is higher than our version (16.1).
This probably won't work.
[12:10:10] Depickling from a version number (16.2)that is higher than our version (16.1).
This probably won't work.
[12:10:10] Depickling from a version number (16.2)that is higher than our version (16.1).
This probably won't work.
[12:10:10] Depickling from a version number (16.2)that is higher than our version (16.1).
This probably won't work.
[12:10:10] Depickling from a version number (16.2)that is higher than our version (16.1).
This probably won't work.
[12:10:10] Depickling from a version number (16.2)that is higher than our version (16.1).
This probably won't work.
[12:10:10] Depickling from a version number (16.2)that is higher than our version (16.1).
This probably won't work.
[12:10:10] Depickling from a version number (16.2)that is higher than our version (16.1).
This probably won't work.
[12:10:10] Depickling from a version number (16.2)that is higher than our version (16.1).
This probably won't work.
[12:10:10] Depickling from a version number (16.2)that is higher than our version (16.1).
This probably won't work.
[12:10:10] Depickling from a version number (16.2)that is higher than our version (16.1).
This probably won't work.
[12:10:10] Depickling from a version number (16.2)that is higher than our version (16.1).
This probably won't work.
[12:10:10] Depickling from a version number (16.2)that is higher than our version (16.1).
This probably won't work.
[12:10:10] Depickling from a version number (16.2)that is higher than our version (16.1).
This probably won't work.
[12:10:10] Depickling from a version number (16.2)that is higher than our version (16.1).
This probably won't work.
Processing 0 inputs with 0 threads.
0it [00:00, ?it/s]0it [00:00, ?it/s]
[12:10:10] Depickling from a version number (16.2)that is higher than our version (16.1).
This probably won't work.
[12:10:10] Depickling from a version number (16.2)that is higher than our version (16.1).
This probably won't work.
[12:10:10] Depickling from a version number (16.2)that is higher than our version (16.1).
This probably won't work.
[12:10:10] Depickling from a version number (16.2)that is higher than our version (16.1).
This probably won't work.
[12:10:10] Depickling from a version number (16.2)that is higher than our version (16.1).
This probably won't work.
[12:10:10] Depickling from a version number (16.2)that is higher than our version (16.1).
This probably won't work.
[12:10:10] Depickling from a version number (16.2)that is higher than our version (16.1).
This probably won't work.
[12:10:10] Depickling from a version number (16.2)that is higher than our version (16.1).
This probably won't work.
[12:10:10] Depickling from a version number (16.2)that is higher than our version (16.1).
This probably won't work.
[12:10:10] Depickling from a version number (16.2)that is higher than our version (16.1).
This probably won't work.
[12:10:10] Depickling from a version number (16.2)that is higher than our version (16.1).
This probably won't work.
[12:10:10] Depickling from a version number (16.2)that is higher than our version (16.1).
This probably won't work.
[12:10:10] Depickling from a version number (16.2)that is higher than our version (16.1).
This probably won't work.
[12:10:10] Depickling from a version number (16.2)that is higher than our version (16.1).
This probably won't work.
[12:10:10] Depickling from a version number (16.2)that is higher than our version (16.1).
This probably won't work.
[12:10:10] Depickling from a version number (16.2)that is higher than our version (16.1).
This probably won't work.
[12:10:10] Depickling from a version number (16.2)that is higher than our version (16.1).
This probably won't work.
[12:10:10] Depickling from a version number (16.2)that is higher than our version (16.1).
This probably won't work.
[12:10:10] Depickling from a version number (16.2)that is higher than our version (16.1).
This probably won't work.
[12:10:10] Depickling from a version number (16.2)that is higher than our version (16.1).
This probably won't work.
[12:10:10] Depickling from a version number (16.2)that is higher than our version (16.1).
This probably won't work.
Boltz atom tensor: 1134 real atoms, 1184 padded sampler slots.
[random-pfode] shared replicate seeds: [1326055816]
[n100_k10 random-pfode seed=1326055816] diagnostic protocol: 100 independent random Z samples -> select best 10
[n100_k10 random-pfode seed=1326055816] generating 1/100 random Z samples
[Boltz-2] sampling=deterministic PF-ODE | deterministic=True | latent=explicit z | gamma_0=0
[n100_k10 random-pfode seed=1326055816] completed 1/100 | score=0.7317
[n100_k10 random-pfode seed=1326055816] generating 2/100 random Z samples
[Boltz-2] sampling=deterministic PF-ODE | deterministic=True | latent=explicit z | gamma_0=0
[n100_k10 random-pfode seed=1326055816] completed 2/100 | score=0.4958
[n100_k10 random-pfode seed=1326055816] generating 3/100 random Z samples
[Boltz-2] sampling=deterministic PF-ODE | deterministic=True | latent=explicit z | gamma_0=0
[n100_k10 random-pfode seed=1326055816] completed 3/100 | score=0.4569
[n100_k10 random-pfode seed=1326055816] generating 4/100 random Z samples
[Boltz-2] sampling=deterministic PF-ODE | deterministic=True | latent=explicit z | gamma_0=0
[n100_k10 random-pfode seed=1326055816] completed 4/100 | score=0.7309
[n100_k10 random-pfode seed=1326055816] generating 5/100 random Z samples
[Boltz-2] sampling=deterministic PF-ODE | deterministic=True | latent=explicit z | gamma_0=0
[n100_k10 random-pfode seed=1326055816] completed 5/100 | score=0.5996
[n100_k10 random-pfode seed=1326055816] generating 6/100 random Z samples
[Boltz-2] sampling=deterministic PF-ODE | deterministic=True | latent=explicit z | gamma_0=0
[n100_k10 random-pfode seed=1326055816] completed 6/100 | score=0.7906
[n100_k10 random-pfode seed=1326055816] generating 7/100 random Z samples
[Boltz-2] sampling=deterministic PF-ODE | deterministic=True | latent=explicit z | gamma_0=0
[n100_k10 random-pfode seed=1326055816] completed 7/100 | score=0.5024
[n100_k10 random-pfode seed=1326055816] generating 8/100 random Z samples
[Boltz-2] sampling=deterministic PF-ODE | deterministic=True | latent=explicit z | gamma_0=0
[n100_k10 random-pfode seed=1326055816] completed 8/100 | score=0.6308
[n100_k10 random-pfode seed=1326055816] generating 9/100 random Z samples
[Boltz-2] sampling=deterministic PF-ODE | deterministic=True | latent=explicit z | gamma_0=0
[n100_k10 random-pfode seed=1326055816] completed 9/100 | score=0.6848
[n100_k10 random-pfode seed=1326055816] generating 10/100 random Z samples
[Boltz-2] sampling=deterministic PF-ODE | deterministic=True | latent=explicit z | gamma_0=0
[n100_k10 random-pfode seed=1326055816] completed 10/100 | score=0.4615
[n100_k10 random-pfode seed=1326055816] generating 11/100 random Z samples
[Boltz-2] sampling=deterministic PF-ODE | deterministic=True | latent=explicit z | gamma_0=0
[n100_k10 random-pfode seed=1326055816] completed 11/100 | score=0.5746
[n100_k10 random-pfode seed=1326055816] generating 12/100 random Z samples
[Boltz-2] sampling=deterministic PF-ODE | deterministic=True | latent=explicit z | gamma_0=0
[n100_k10 random-pfode seed=1326055816] completed 12/100 | score=0.7165
[n100_k10 random-pfode seed=1326055816] generating 13/100 random Z samples
[Boltz-2] sampling=deterministic PF-ODE | deterministic=True | latent=explicit z | gamma_0=0
[n100_k10 random-pfode seed=1326055816] completed 13/100 | score=0.6982
[n100_k10 random-pfode seed=1326055816] generating 14/100 random Z samples
[Boltz-2] sampling=deterministic PF-ODE | deterministic=True | latent=explicit z | gamma_0=0
[n100_k10 random-pfode seed=1326055816] completed 14/100 | score=0.5476
[n100_k10 random-pfode seed=1326055816] generating 15/100 random Z samples
[Boltz-2] sampling=deterministic PF-ODE | deterministic=True | latent=explicit z | gamma_0=0
[n100_k10 random-pfode seed=1326055816] completed 15/100 | score=0.6235
[n100_k10 random-pfode seed=1326055816] generating 16/100 random Z samples
[Boltz-2] sampling=deterministic PF-ODE | deterministic=True | latent=explicit z | gamma_0=0
[n100_k10 random-pfode seed=1326055816] completed 16/100 | score=0.5170
[n100_k10 random-pfode seed=1326055816] generating 17/100 random Z samples
[Boltz-2] sampling=deterministic PF-ODE | deterministic=True | latent=explicit z | gamma_0=0
[n100_k10 random-pfode seed=1326055816] completed 17/100 | score=0.5709
[n100_k10 random-pfode seed=1326055816] generating 18/100 random Z samples
[Boltz-2] sampling=deterministic PF-ODE | deterministic=True | latent=explicit z | gamma_0=0
[n100_k10 random-pfode seed=1326055816] completed 18/100 | score=0.7210
[n100_k10 random-pfode seed=1326055816] generating 19/100 random Z samples
[Boltz-2] sampling=deterministic PF-ODE | deterministic=True | latent=explicit z | gamma_0=0
[n100_k10 random-pfode seed=1326055816] completed 19/100 | score=0.4382
[n100_k10 random-pfode seed=1326055816] generating 20/100 random Z samples
[Boltz-2] sampling=deterministic PF-ODE | deterministic=True | latent=explicit z | gamma_0=0
[n100_k10 random-pfode seed=1326055816] completed 20/100 | score=0.7869
[n100_k10 random-pfode seed=1326055816] generating 21/100 random Z samples
[Boltz-2] sampling=deterministic PF-ODE | deterministic=True | latent=explicit z | gamma_0=0
[n100_k10 random-pfode seed=1326055816] completed 21/100 | score=0.6685
[n100_k10 random-pfode seed=1326055816] generating 22/100 random Z samples
[Boltz-2] sampling=deterministic PF-ODE | deterministic=True | latent=explicit z | gamma_0=0
[n100_k10 random-pfode seed=1326055816] completed 22/100 | score=0.5473
[n100_k10 random-pfode seed=1326055816] generating 23/100 random Z samples
[Boltz-2] sampling=deterministic PF-ODE | deterministic=True | latent=explicit z | gamma_0=0
[n100_k10 random-pfode seed=1326055816] completed 23/100 | score=0.5354
[n100_k10 random-pfode seed=1326055816] generating 24/100 random Z samples
[Boltz-2] sampling=deterministic PF-ODE | deterministic=True | latent=explicit z | gamma_0=0
[n100_k10 random-pfode seed=1326055816] completed 24/100 | score=0.7167
[n100_k10 random-pfode seed=1326055816] generating 25/100 random Z samples
[Boltz-2] sampling=deterministic PF-ODE | deterministic=True | latent=explicit z | gamma_0=0
[n100_k10 random-pfode seed=1326055816] completed 25/100 | score=0.8462
[n100_k10 random-pfode seed=1326055816] generating 26/100 random Z samples
[Boltz-2] sampling=deterministic PF-ODE | deterministic=True | latent=explicit z | gamma_0=0
[n100_k10 random-pfode seed=1326055816] completed 26/100 | score=0.4819
[n100_k10 random-pfode seed=1326055816] generating 27/100 random Z samples
[Boltz-2] sampling=deterministic PF-ODE | deterministic=True | latent=explicit z | gamma_0=0
[n100_k10 random-pfode seed=1326055816] completed 27/100 | score=0.4123
[n100_k10 random-pfode seed=1326055816] generating 28/100 random Z samples
[Boltz-2] sampling=deterministic PF-ODE | deterministic=True | latent=explicit z | gamma_0=0
[n100_k10 random-pfode seed=1326055816] completed 28/100 | score=0.7370
[n100_k10 random-pfode seed=1326055816] generating 29/100 random Z samples
[Boltz-2] sampling=deterministic PF-ODE | deterministic=True | latent=explicit z | gamma_0=0
[n100_k10 random-pfode seed=1326055816] completed 29/100 | score=0.6272
[n100_k10 random-pfode seed=1326055816] generating 30/100 random Z samples
[Boltz-2] sampling=deterministic PF-ODE | deterministic=True | latent=explicit z | gamma_0=0
[n100_k10 random-pfode seed=1326055816] completed 30/100 | score=0.5579
[n100_k10 random-pfode seed=1326055816] generating 31/100 random Z samples
[Boltz-2] sampling=deterministic PF-ODE | deterministic=True | latent=explicit z | gamma_0=0
[n100_k10 random-pfode seed=1326055816] completed 31/100 | score=0.6440
[n100_k10 random-pfode seed=1326055816] generating 32/100 random Z samples
[Boltz-2] sampling=deterministic PF-ODE | deterministic=True | latent=explicit z | gamma_0=0
[n100_k10 random-pfode seed=1326055816] completed 32/100 | score=0.6050
[n100_k10 random-pfode seed=1326055816] generating 33/100 random Z samples
[Boltz-2] sampling=deterministic PF-ODE | deterministic=True | latent=explicit z | gamma_0=0
[n100_k10 random-pfode seed=1326055816] completed 33/100 | score=0.6160
[n100_k10 random-pfode seed=1326055816] generating 34/100 random Z samples
[Boltz-2] sampling=deterministic PF-ODE | deterministic=True | latent=explicit z | gamma_0=0
[n100_k10 random-pfode seed=1326055816] completed 34/100 | score=0.6402
[n100_k10 random-pfode seed=1326055816] generating 35/100 random Z samples
[Boltz-2] sampling=deterministic PF-ODE | deterministic=True | latent=explicit z | gamma_0=0
[n100_k10 random-pfode seed=1326055816] completed 35/100 | score=0.6791
[n100_k10 random-pfode seed=1326055816] generating 36/100 random Z samples
[Boltz-2] sampling=deterministic PF-ODE | deterministic=True | latent=explicit z | gamma_0=0
[n100_k10 random-pfode seed=1326055816] completed 36/100 | score=0.5970
[n100_k10 random-pfode seed=1326055816] generating 37/100 random Z samples
[Boltz-2] sampling=deterministic PF-ODE | deterministic=True | latent=explicit z | gamma_0=0
[n100_k10 random-pfode seed=1326055816] completed 37/100 | score=0.5644
[n100_k10 random-pfode seed=1326055816] generating 38/100 random Z samples
[Boltz-2] sampling=deterministic PF-ODE | deterministic=True | latent=explicit z | gamma_0=0
[n100_k10 random-pfode seed=1326055816] completed 38/100 | score=0.5759
[n100_k10 random-pfode seed=1326055816] generating 39/100 random Z samples
[Boltz-2] sampling=deterministic PF-ODE | deterministic=True | latent=explicit z | gamma_0=0
[n100_k10 random-pfode seed=1326055816] completed 39/100 | score=0.6289
[n100_k10 random-pfode seed=1326055816] generating 40/100 random Z samples
[Boltz-2] sampling=deterministic PF-ODE | deterministic=True | latent=explicit z | gamma_0=0
[n100_k10 random-pfode seed=1326055816] completed 40/100 | score=0.5272
[n100_k10 random-pfode seed=1326055816] generating 41/100 random Z samples
[Boltz-2] sampling=deterministic PF-ODE | deterministic=True | latent=explicit z | gamma_0=0
[n100_k10 random-pfode seed=1326055816] completed 41/100 | score=0.5090
[n100_k10 random-pfode seed=1326055816] generating 42/100 random Z samples
[Boltz-2] sampling=deterministic PF-ODE | deterministic=True | latent=explicit z | gamma_0=0
[n100_k10 random-pfode seed=1326055816] completed 42/100 | score=0.5514
[n100_k10 random-pfode seed=1326055816] generating 43/100 random Z samples
[Boltz-2] sampling=deterministic PF-ODE | deterministic=True | latent=explicit z | gamma_0=0
[n100_k10 random-pfode seed=1326055816] completed 43/100 | score=0.6636
[n100_k10 random-pfode seed=1326055816] generating 44/100 random Z samples
[Boltz-2] sampling=deterministic PF-ODE | deterministic=True | latent=explicit z | gamma_0=0
[n100_k10 random-pfode seed=1326055816] completed 44/100 | score=0.7296
[n100_k10 random-pfode seed=1326055816] generating 45/100 random Z samples
[Boltz-2] sampling=deterministic PF-ODE | deterministic=True | latent=explicit z | gamma_0=0
[n100_k10 random-pfode seed=1326055816] completed 45/100 | score=0.7475
[n100_k10 random-pfode seed=1326055816] generating 46/100 random Z samples
[Boltz-2] sampling=deterministic PF-ODE | deterministic=True | latent=explicit z | gamma_0=0
[n100_k10 random-pfode seed=1326055816] completed 46/100 | score=0.6189
[n100_k10 random-pfode seed=1326055816] generating 47/100 random Z samples
[Boltz-2] sampling=deterministic PF-ODE | deterministic=True | latent=explicit z | gamma_0=0
[n100_k10 random-pfode seed=1326055816] completed 47/100 | score=0.6602
[n100_k10 random-pfode seed=1326055816] generating 48/100 random Z samples
[Boltz-2] sampling=deterministic PF-ODE | deterministic=True | latent=explicit z | gamma_0=0
[n100_k10 random-pfode seed=1326055816] completed 48/100 | score=0.5087
[n100_k10 random-pfode seed=1326055816] generating 49/100 random Z samples
[Boltz-2] sampling=deterministic PF-ODE | deterministic=True | latent=explicit z | gamma_0=0
[n100_k10 random-pfode seed=1326055816] completed 49/100 | score=0.6003
[n100_k10 random-pfode seed=1326055816] generating 50/100 random Z samples
[Boltz-2] sampling=deterministic PF-ODE | deterministic=True | latent=explicit z | gamma_0=0
[n100_k10 random-pfode seed=1326055816] completed 50/100 | score=0.6438
[n100_k10 random-pfode seed=1326055816] generating 51/100 random Z samples
[Boltz-2] sampling=deterministic PF-ODE | deterministic=True | latent=explicit z | gamma_0=0
[n100_k10 random-pfode seed=1326055816] completed 51/100 | score=0.6907
[n100_k10 random-pfode seed=1326055816] generating 52/100 random Z samples
[Boltz-2] sampling=deterministic PF-ODE | deterministic=True | latent=explicit z | gamma_0=0
[n100_k10 random-pfode seed=1326055816] completed 52/100 | score=0.6444
[n100_k10 random-pfode seed=1326055816] generating 53/100 random Z samples
[Boltz-2] sampling=deterministic PF-ODE | deterministic=True | latent=explicit z | gamma_0=0
[n100_k10 random-pfode seed=1326055816] completed 53/100 | score=0.7728
[n100_k10 random-pfode seed=1326055816] generating 54/100 random Z samples
[Boltz-2] sampling=deterministic PF-ODE | deterministic=True | latent=explicit z | gamma_0=0
[n100_k10 random-pfode seed=1326055816] completed 54/100 | score=0.8440
[n100_k10 random-pfode seed=1326055816] generating 55/100 random Z samples
[Boltz-2] sampling=deterministic PF-ODE | deterministic=True | latent=explicit z | gamma_0=0
[n100_k10 random-pfode seed=1326055816] completed 55/100 | score=0.7819
[n100_k10 random-pfode seed=1326055816] generating 56/100 random Z samples
[Boltz-2] sampling=deterministic PF-ODE | deterministic=True | latent=explicit z | gamma_0=0
[n100_k10 random-pfode seed=1326055816] completed 56/100 | score=0.5070
[n100_k10 random-pfode seed=1326055816] generating 57/100 random Z samples
[Boltz-2] sampling=deterministic PF-ODE | deterministic=True | latent=explicit z | gamma_0=0
[n100_k10 random-pfode seed=1326055816] completed 57/100 | score=0.5527
[n100_k10 random-pfode seed=1326055816] generating 58/100 random Z samples
[Boltz-2] sampling=deterministic PF-ODE | deterministic=True | latent=explicit z | gamma_0=0
[n100_k10 random-pfode seed=1326055816] completed 58/100 | score=0.5297
[n100_k10 random-pfode seed=1326055816] generating 59/100 random Z samples
[Boltz-2] sampling=deterministic PF-ODE | deterministic=True | latent=explicit z | gamma_0=0
[n100_k10 random-pfode seed=1326055816] completed 59/100 | score=0.5395
[n100_k10 random-pfode seed=1326055816] generating 60/100 random Z samples
[Boltz-2] sampling=deterministic PF-ODE | deterministic=True | latent=explicit z | gamma_0=0
[n100_k10 random-pfode seed=1326055816] completed 60/100 | score=0.6350
[n100_k10 random-pfode seed=1326055816] generating 61/100 random Z samples
[Boltz-2] sampling=deterministic PF-ODE | deterministic=True | latent=explicit z | gamma_0=0
[n100_k10 random-pfode seed=1326055816] completed 61/100 | score=0.8001
[n100_k10 random-pfode seed=1326055816] generating 62/100 random Z samples
[Boltz-2] sampling=deterministic PF-ODE | deterministic=True | latent=explicit z | gamma_0=0
[n100_k10 random-pfode seed=1326055816] completed 62/100 | score=0.5059
[n100_k10 random-pfode seed=1326055816] generating 63/100 random Z samples
[Boltz-2] sampling=deterministic PF-ODE | deterministic=True | latent=explicit z | gamma_0=0
[n100_k10 random-pfode seed=1326055816] completed 63/100 | score=0.5371
[n100_k10 random-pfode seed=1326055816] generating 64/100 random Z samples
[Boltz-2] sampling=deterministic PF-ODE | deterministic=True | latent=explicit z | gamma_0=0
[n100_k10 random-pfode seed=1326055816] completed 64/100 | score=0.4991
[n100_k10 random-pfode seed=1326055816] generating 65/100 random Z samples
[Boltz-2] sampling=deterministic PF-ODE | deterministic=True | latent=explicit z | gamma_0=0
[n100_k10 random-pfode seed=1326055816] completed 65/100 | score=0.7012
[n100_k10 random-pfode seed=1326055816] generating 66/100 random Z samples
[Boltz-2] sampling=deterministic PF-ODE | deterministic=True | latent=explicit z | gamma_0=0
[n100_k10 random-pfode seed=1326055816] completed 66/100 | score=0.4876
[n100_k10 random-pfode seed=1326055816] generating 67/100 random Z samples
[Boltz-2] sampling=deterministic PF-ODE | deterministic=True | latent=explicit z | gamma_0=0
[n100_k10 random-pfode seed=1326055816] completed 67/100 | score=0.6569
[n100_k10 random-pfode seed=1326055816] generating 68/100 random Z samples
[Boltz-2] sampling=deterministic PF-ODE | deterministic=True | latent=explicit z | gamma_0=0
[n100_k10 random-pfode seed=1326055816] completed 68/100 | score=0.7957
[n100_k10 random-pfode seed=1326055816] generating 69/100 random Z samples
[Boltz-2] sampling=deterministic PF-ODE | deterministic=True | latent=explicit z | gamma_0=0
[n100_k10 random-pfode seed=1326055816] completed 69/100 | score=0.6747
[n100_k10 random-pfode seed=1326055816] generating 70/100 random Z samples
[Boltz-2] sampling=deterministic PF-ODE | deterministic=True | latent=explicit z | gamma_0=0
[n100_k10 random-pfode seed=1326055816] completed 70/100 | score=0.7383
[n100_k10 random-pfode seed=1326055816] generating 71/100 random Z samples
[Boltz-2] sampling=deterministic PF-ODE | deterministic=True | latent=explicit z | gamma_0=0
[n100_k10 random-pfode seed=1326055816] completed 71/100 | score=0.6902
[n100_k10 random-pfode seed=1326055816] generating 72/100 random Z samples
[Boltz-2] sampling=deterministic PF-ODE | deterministic=True | latent=explicit z | gamma_0=0
[n100_k10 random-pfode seed=1326055816] completed 72/100 | score=0.4709
[n100_k10 random-pfode seed=1326055816] generating 73/100 random Z samples
[Boltz-2] sampling=deterministic PF-ODE | deterministic=True | latent=explicit z | gamma_0=0
[n100_k10 random-pfode seed=1326055816] completed 73/100 | score=0.6716
[n100_k10 random-pfode seed=1326055816] generating 74/100 random Z samples
[Boltz-2] sampling=deterministic PF-ODE | deterministic=True | latent=explicit z | gamma_0=0
[n100_k10 random-pfode seed=1326055816] completed 74/100 | score=0.4860
[n100_k10 random-pfode seed=1326055816] generating 75/100 random Z samples
[Boltz-2] sampling=deterministic PF-ODE | deterministic=True | latent=explicit z | gamma_0=0
[n100_k10 random-pfode seed=1326055816] completed 75/100 | score=0.7027
[n100_k10 random-pfode seed=1326055816] generating 76/100 random Z samples
[Boltz-2] sampling=deterministic PF-ODE | deterministic=True | latent=explicit z | gamma_0=0
[n100_k10 random-pfode seed=1326055816] completed 76/100 | score=0.6150
[n100_k10 random-pfode seed=1326055816] generating 77/100 random Z samples
[Boltz-2] sampling=deterministic PF-ODE | deterministic=True | latent=explicit z | gamma_0=0
[n100_k10 random-pfode seed=1326055816] completed 77/100 | score=0.8584
[n100_k10 random-pfode seed=1326055816] generating 78/100 random Z samples
[Boltz-2] sampling=deterministic PF-ODE | deterministic=True | latent=explicit z | gamma_0=0
[n100_k10 random-pfode seed=1326055816] completed 78/100 | score=0.7232
[n100_k10 random-pfode seed=1326055816] generating 79/100 random Z samples
[Boltz-2] sampling=deterministic PF-ODE | deterministic=True | latent=explicit z | gamma_0=0
[n100_k10 random-pfode seed=1326055816] completed 79/100 | score=0.4806
[n100_k10 random-pfode seed=1326055816] generating 80/100 random Z samples
[Boltz-2] sampling=deterministic PF-ODE | deterministic=True | latent=explicit z | gamma_0=0
[n100_k10 random-pfode seed=1326055816] completed 80/100 | score=0.5906
[n100_k10 random-pfode seed=1326055816] generating 81/100 random Z samples
[Boltz-2] sampling=deterministic PF-ODE | deterministic=True | latent=explicit z | gamma_0=0
[n100_k10 random-pfode seed=1326055816] completed 81/100 | score=0.8615
[n100_k10 random-pfode seed=1326055816] generating 82/100 random Z samples
[Boltz-2] sampling=deterministic PF-ODE | deterministic=True | latent=explicit z | gamma_0=0
[n100_k10 random-pfode seed=1326055816] completed 82/100 | score=0.5251
[n100_k10 random-pfode seed=1326055816] generating 83/100 random Z samples
[Boltz-2] sampling=deterministic PF-ODE | deterministic=True | latent=explicit z | gamma_0=0
[n100_k10 random-pfode seed=1326055816] completed 83/100 | score=0.6780
[n100_k10 random-pfode seed=1326055816] generating 84/100 random Z samples
[Boltz-2] sampling=deterministic PF-ODE | deterministic=True | latent=explicit z | gamma_0=0
[n100_k10 random-pfode seed=1326055816] completed 84/100 | score=0.8320
[n100_k10 random-pfode seed=1326055816] generating 85/100 random Z samples
[Boltz-2] sampling=deterministic PF-ODE | deterministic=True | latent=explicit z | gamma_0=0
[n100_k10 random-pfode seed=1326055816] completed 85/100 | score=0.5174
[n100_k10 random-pfode seed=1326055816] generating 86/100 random Z samples
[Boltz-2] sampling=deterministic PF-ODE | deterministic=True | latent=explicit z | gamma_0=0
[n100_k10 random-pfode seed=1326055816] completed 86/100 | score=0.5730
[n100_k10 random-pfode seed=1326055816] generating 87/100 random Z samples
[Boltz-2] sampling=deterministic PF-ODE | deterministic=True | latent=explicit z | gamma_0=0
[n100_k10 random-pfode seed=1326055816] completed 87/100 | score=0.5058
[n100_k10 random-pfode seed=1326055816] generating 88/100 random Z samples
[Boltz-2] sampling=deterministic PF-ODE | deterministic=True | latent=explicit z | gamma_0=0
[n100_k10 random-pfode seed=1326055816] completed 88/100 | score=0.5517
[n100_k10 random-pfode seed=1326055816] generating 89/100 random Z samples
[Boltz-2] sampling=deterministic PF-ODE | deterministic=True | latent=explicit z | gamma_0=0
[n100_k10 random-pfode seed=1326055816] completed 89/100 | score=0.7089
[n100_k10 random-pfode seed=1326055816] generating 90/100 random Z samples
[Boltz-2] sampling=deterministic PF-ODE | deterministic=True | latent=explicit z | gamma_0=0
[n100_k10 random-pfode seed=1326055816] completed 90/100 | score=0.6882
[n100_k10 random-pfode seed=1326055816] generating 91/100 random Z samples
[Boltz-2] sampling=deterministic PF-ODE | deterministic=True | latent=explicit z | gamma_0=0
[n100_k10 random-pfode seed=1326055816] completed 91/100 | score=0.4996
[n100_k10 random-pfode seed=1326055816] generating 92/100 random Z samples
[Boltz-2] sampling=deterministic PF-ODE | deterministic=True | latent=explicit z | gamma_0=0
[n100_k10 random-pfode seed=1326055816] completed 92/100 | score=0.5466
[n100_k10 random-pfode seed=1326055816] generating 93/100 random Z samples
[Boltz-2] sampling=deterministic PF-ODE | deterministic=True | latent=explicit z | gamma_0=0
[n100_k10 random-pfode seed=1326055816] completed 93/100 | score=0.7492
[n100_k10 random-pfode seed=1326055816] generating 94/100 random Z samples
[Boltz-2] sampling=deterministic PF-ODE | deterministic=True | latent=explicit z | gamma_0=0
[n100_k10 random-pfode seed=1326055816] completed 94/100 | score=0.6516
[n100_k10 random-pfode seed=1326055816] generating 95/100 random Z samples
[Boltz-2] sampling=deterministic PF-ODE | deterministic=True | latent=explicit z | gamma_0=0
[n100_k10 random-pfode seed=1326055816] completed 95/100 | score=0.6698
[n100_k10 random-pfode seed=1326055816] generating 96/100 random Z samples
[Boltz-2] sampling=deterministic PF-ODE | deterministic=True | latent=explicit z | gamma_0=0
[n100_k10 random-pfode seed=1326055816] completed 96/100 | score=0.7762
[n100_k10 random-pfode seed=1326055816] generating 97/100 random Z samples
[Boltz-2] sampling=deterministic PF-ODE | deterministic=True | latent=explicit z | gamma_0=0
[n100_k10 random-pfode seed=1326055816] completed 97/100 | score=0.4543
[n100_k10 random-pfode seed=1326055816] generating 98/100 random Z samples
[Boltz-2] sampling=deterministic PF-ODE | deterministic=True | latent=explicit z | gamma_0=0
[n100_k10 random-pfode seed=1326055816] completed 98/100 | score=0.6078
[n100_k10 random-pfode seed=1326055816] generating 99/100 random Z samples
[Boltz-2] sampling=deterministic PF-ODE | deterministic=True | latent=explicit z | gamma_0=0
[n100_k10 random-pfode seed=1326055816] completed 99/100 | score=0.7375
[n100_k10 random-pfode seed=1326055816] generating 100/100 random Z samples
[Boltz-2] sampling=deterministic PF-ODE | deterministic=True | latent=explicit z | gamma_0=0
[n100_k10 random-pfode seed=1326055816] completed 100/100 | score=0.6008
[n100_k10 random-pfode seed=1326055816] diagnostic complete: 100 random Z samples -> best 10; mean-of-K=0.8197
