Seed set to 3701921722
Checking input data.
[14:10:27] Depickling from a version number (16.2)that is higher than our version (16.1).
This probably won't work.
[14:10:27] Depickling from a version number (16.2)that is higher than our version (16.1).
This probably won't work.
[14:10:27] Depickling from a version number (16.2)that is higher than our version (16.1).
This probably won't work.
[14:10:27] Depickling from a version number (16.2)that is higher than our version (16.1).
This probably won't work.
[14:10:27] Depickling from a version number (16.2)that is higher than our version (16.1).
This probably won't work.
[14:10:27] Depickling from a version number (16.2)that is higher than our version (16.1).
This probably won't work.
[14:10:27] Depickling from a version number (16.2)that is higher than our version (16.1).
This probably won't work.
[14:10:27] Depickling from a version number (16.2)that is higher than our version (16.1).
This probably won't work.
[14:10:27] Depickling from a version number (16.2)that is higher than our version (16.1).
This probably won't work.
[14:10:27] Depickling from a version number (16.2)that is higher than our version (16.1).
This probably won't work.
[14:10:27] Depickling from a version number (16.2)that is higher than our version (16.1).
This probably won't work.
[14:10:27] Depickling from a version number (16.2)that is higher than our version (16.1).
This probably won't work.
[14:10:27] Depickling from a version number (16.2)that is higher than our version (16.1).
This probably won't work.
[14:10:27] Depickling from a version number (16.2)that is higher than our version (16.1).
This probably won't work.
[14:10:27] Depickling from a version number (16.2)that is higher than our version (16.1).
This probably won't work.
[14:10:27] Depickling from a version number (16.2)that is higher than our version (16.1).
This probably won't work.
[14:10:27] Depickling from a version number (16.2)that is higher than our version (16.1).
This probably won't work.
[14:10:27] Depickling from a version number (16.2)that is higher than our version (16.1).
This probably won't work.
[14:10:27] Depickling from a version number (16.2)that is higher than our version (16.1).
This probably won't work.
[14:10:27] Depickling from a version number (16.2)that is higher than our version (16.1).
This probably won't work.
[14:10:27] Depickling from a version number (16.2)that is higher than our version (16.1).
This probably won't work.
Processing 1 inputs with 1 threads.
  0%|          | 0/1 [00:00<?, ?it/s]Found explicit empty MSA for some proteins, will run these in single sequence mode. Keep in mind that the model predictions will be suboptimal without an MSA.
100%|██████████| 1/1 [00:01<00:00,  1.19s/it]100%|██████████| 1/1 [00:01<00:00,  1.19s/it]
GPU available: True (cuda), used: True
TPU available: False, using: 0 TPU cores
HPU available: False, using: 0 HPUs
/mnt/SSD3/Chase/budgetting O3/experiments/1cll/k10_n100/public_boltz/.venv/lib/python3.12/site-packages/pytorch_lightning/trainer/connectors/logger_connector/logger_connector.py:76: Starting from v1.9.0, `tensorboardX` has been removed as a dependency of the `pytorch_lightning` package, due to potential conflicts with other packages in the ML ecosystem. For this reason, `logger=True` will use `CSVLogger` as the default logger, unless the `tensorboard` or `tensorboardX` packages are found. Please `pip install lightning[extra]` or one of them to enable TensorBoard support by default
Running structure prediction for 1 input.
/mnt/SSD3/Chase/budgetting O3/experiments/1cll/k10_n100/public_boltz/.venv/lib/python3.12/site-packages/pytorch_lightning/utilities/migration/utils.py:56: The loaded checkpoint was produced with Lightning v2.5.0.post0, which is newer than your current Lightning version: v2.5.0
[14:11:03] Depickling from a version number (16.2)that is higher than our version (16.1).
This probably won't work.
[14:11:03] Depickling from a version number (16.2)that is higher than our version (16.1).
This probably won't work.
[14:11:03] Depickling from a version number (16.2)that is higher than our version (16.1).
This probably won't work.
[14:11:03] Depickling from a version number (16.2)that is higher than our version (16.1).
This probably won't work.
[14:11:03] Depickling from a version number (16.2)that is higher than our version (16.1).
This probably won't work.
[14:11:03] Depickling from a version number (16.2)that is higher than our version (16.1).
This probably won't work.
[14:11:03] Depickling from a version number (16.2)that is higher than our version (16.1).
This probably won't work.
[14:11:03] Depickling from a version number (16.2)that is higher than our version (16.1).
This probably won't work.
[14:11:03] Depickling from a version number (16.2)that is higher than our version (16.1).
This probably won't work.
[14:11:03] Depickling from a version number (16.2)that is higher than our version (16.1).
This probably won't work.
[14:11:03] Depickling from a version number (16.2)that is higher than our version (16.1).
This probably won't work.
[14:11:03] Depickling from a version number (16.2)that is higher than our version (16.1).
This probably won't work.
[14:11:03] Depickling from a version number (16.2)that is higher than our version (16.1).
This probably won't work.
[14:11:03] Depickling from a version number (16.2)that is higher than our version (16.1).
This probably won't work.
[14:11:03] Depickling from a version number (16.2)that is higher than our version (16.1).
This probably won't work.
[14:11:03] Depickling from a version number (16.2)that is higher than our version (16.1).
This probably won't work.
[14:11:03] Depickling from a version number (16.2)that is higher than our version (16.1).
This probably won't work.
[14:11:03] Depickling from a version number (16.2)that is higher than our version (16.1).
This probably won't work.
[14:11:03] Depickling from a version number (16.2)that is higher than our version (16.1).
This probably won't work.
[14:11:03] Depickling from a version number (16.2)that is higher than our version (16.1).
This probably won't work.
[14:11:03] Depickling from a version number (16.2)that is higher than our version (16.1).
This probably won't work.
LOCAL_RANK: 0 - CUDA_VISIBLE_DEVICES: [0,1,2,3]
/mnt/SSD3/Chase/budgetting O3/experiments/1cll/k10_n100/public_boltz/.venv/lib/python3.12/site-packages/pytorch_lightning/trainer/connectors/data_connector.py:425: The 'predict_dataloader' does not have many workers which may be a bottleneck. Consider increasing the value of the `num_workers` argument` to `num_workers=11` in the `DataLoader` to improve performance.
Predicting: |          | 0/? [00:00<?, ?it/s]Traceback (most recent call last):
  File "/mnt/SSD3/Chase/budgetting O3/experiments/1cll/k10_n100/public_boltz/.venv/lib/python3.12/site-packages/lightning_utilities/core/apply_func.py", line 135, in _apply_to_collection_slow
    setattr(result, field_name, v)
  File "<string>", line 4, in __setattr__
dataclasses.FrozenInstanceError: cannot assign to field 'id'

The above exception was the direct cause of the following exception:

Traceback (most recent call last):
  File "/mnt/SSD3/Chase/budgetting O3/experiments/1cll/k10_n100/public_batch_entry.py", line 106, in <module>
    main()
  File "/mnt/SSD3/Chase/budgetting O3/experiments/1cll/k10_n100/public_batch_entry.py", line 98, in main
    boltz_main.cli.main(args=[
  File "/mnt/SSD3/Chase/budgetting O3/experiments/1cll/k10_n100/public_boltz/.venv/lib/python3.12/site-packages/click/core.py", line 1078, in main
    rv = self.invoke(ctx)
         ^^^^^^^^^^^^^^^^
  File "/mnt/SSD3/Chase/budgetting O3/experiments/1cll/k10_n100/public_boltz/.venv/lib/python3.12/site-packages/click/core.py", line 1688, in invoke
    return _process_result(sub_ctx.command.invoke(sub_ctx))
                           ^^^^^^^^^^^^^^^^^^^^^^^^^^^^^^^
  File "/mnt/SSD3/Chase/budgetting O3/experiments/1cll/k10_n100/public_boltz/.venv/lib/python3.12/site-packages/click/core.py", line 1434, in invoke
    return ctx.invoke(self.callback, **ctx.params)
           ^^^^^^^^^^^^^^^^^^^^^^^^^^^^^^^^^^^^^^^
  File "/mnt/SSD3/Chase/budgetting O3/experiments/1cll/k10_n100/public_boltz/.venv/lib/python3.12/site-packages/click/core.py", line 783, in invoke
    return __callback(*args, **kwargs)
           ^^^^^^^^^^^^^^^^^^^^^^^^^^^
  File "/mnt/SSD3/Chase/budgetting O3/experiments/1cll/k10_n100/public_boltz/.venv/lib/python3.12/site-packages/boltz/main.py", line 1329, in predict
    trainer.predict(
  File "/mnt/SSD3/Chase/budgetting O3/experiments/1cll/k10_n100/public_batch_entry.py", line 94, in predict
    return super().predict(model, dataloaders=loader, **kwargs)
           ^^^^^^^^^^^^^^^^^^^^^^^^^^^^^^^^^^^^^^^^^^^^^^^^^^^^
  File "/mnt/SSD3/Chase/budgetting O3/experiments/1cll/k10_n100/public_boltz/.venv/lib/python3.12/site-packages/pytorch_lightning/trainer/trainer.py", line 859, in predict
    return call._call_and_handle_interrupt(
           ^^^^^^^^^^^^^^^^^^^^^^^^^^^^^^^^
  File "/mnt/SSD3/Chase/budgetting O3/experiments/1cll/k10_n100/public_boltz/.venv/lib/python3.12/site-packages/pytorch_lightning/trainer/call.py", line 47, in _call_and_handle_interrupt
    return trainer_fn(*args, **kwargs)
           ^^^^^^^^^^^^^^^^^^^^^^^^^^^
  File "/mnt/SSD3/Chase/budgetting O3/experiments/1cll/k10_n100/public_boltz/.venv/lib/python3.12/site-packages/pytorch_lightning/trainer/trainer.py", line 898, in _predict_impl
    results = self._run(model, ckpt_path=ckpt_path)
              ^^^^^^^^^^^^^^^^^^^^^^^^^^^^^^^^^^^^^
  File "/mnt/SSD3/Chase/budgetting O3/experiments/1cll/k10_n100/public_boltz/.venv/lib/python3.12/site-packages/pytorch_lightning/trainer/trainer.py", line 982, in _run
    results = self._run_stage()
              ^^^^^^^^^^^^^^^^^
  File "/mnt/SSD3/Chase/budgetting O3/experiments/1cll/k10_n100/public_boltz/.venv/lib/python3.12/site-packages/pytorch_lightning/trainer/trainer.py", line 1021, in _run_stage
    return self.predict_loop.run()
           ^^^^^^^^^^^^^^^^^^^^^^^
  File "/mnt/SSD3/Chase/budgetting O3/experiments/1cll/k10_n100/public_boltz/.venv/lib/python3.12/site-packages/pytorch_lightning/loops/utilities.py", line 179, in _decorator
    return loop_run(self, *args, **kwargs)
           ^^^^^^^^^^^^^^^^^^^^^^^^^^^^^^^
  File "/mnt/SSD3/Chase/budgetting O3/experiments/1cll/k10_n100/public_boltz/.venv/lib/python3.12/site-packages/pytorch_lightning/loops/prediction_loop.py", line 125, in run
    self._predict_step(batch, batch_idx, dataloader_idx, dataloader_iter)
  File "/mnt/SSD3/Chase/budgetting O3/experiments/1cll/k10_n100/public_boltz/.venv/lib/python3.12/site-packages/pytorch_lightning/loops/prediction_loop.py", line 232, in _predict_step
    batch = call._call_strategy_hook(trainer, "batch_to_device", batch, dataloader_idx=dataloader_idx)
            ^^^^^^^^^^^^^^^^^^^^^^^^^^^^^^^^^^^^^^^^^^^^^^^^^^^^^^^^^^^^^^^^^^^^^^^^^^^^^^^^^^^^^^^^^^
  File "/mnt/SSD3/Chase/budgetting O3/experiments/1cll/k10_n100/public_boltz/.venv/lib/python3.12/site-packages/pytorch_lightning/trainer/call.py", line 323, in _call_strategy_hook
    output = fn(*args, **kwargs)
             ^^^^^^^^^^^^^^^^^^^
  File "/mnt/SSD3/Chase/budgetting O3/experiments/1cll/k10_n100/public_boltz/.venv/lib/python3.12/site-packages/pytorch_lightning/strategies/strategy.py", line 278, in batch_to_device
    return model._apply_batch_transfer_handler(batch, device=device, dataloader_idx=dataloader_idx)
           ^^^^^^^^^^^^^^^^^^^^^^^^^^^^^^^^^^^^^^^^^^^^^^^^^^^^^^^^^^^^^^^^^^^^^^^^^^^^^^^^^^^^^^^^
  File "/mnt/SSD3/Chase/budgetting O3/experiments/1cll/k10_n100/public_boltz/.venv/lib/python3.12/site-packages/pytorch_lightning/core/module.py", line 352, in _apply_batch_transfer_handler
    batch = self._call_batch_hook("transfer_batch_to_device", batch, device, dataloader_idx)
            ^^^^^^^^^^^^^^^^^^^^^^^^^^^^^^^^^^^^^^^^^^^^^^^^^^^^^^^^^^^^^^^^^^^^^^^^^^^^^^^^
  File "/mnt/SSD3/Chase/budgetting O3/experiments/1cll/k10_n100/public_boltz/.venv/lib/python3.12/site-packages/pytorch_lightning/core/module.py", line 341, in _call_batch_hook
    return trainer_method(trainer, hook_name, *args)
           ^^^^^^^^^^^^^^^^^^^^^^^^^^^^^^^^^^^^^^^^^
  File "/mnt/SSD3/Chase/budgetting O3/experiments/1cll/k10_n100/public_boltz/.venv/lib/python3.12/site-packages/pytorch_lightning/trainer/call.py", line 171, in _call_lightning_module_hook
    output = fn(*args, **kwargs)
             ^^^^^^^^^^^^^^^^^^^
  File "/mnt/SSD3/Chase/budgetting O3/experiments/1cll/k10_n100/public_boltz/.venv/lib/python3.12/site-packages/pytorch_lightning/core/hooks.py", line 611, in transfer_batch_to_device
    return move_data_to_device(batch, device)
           ^^^^^^^^^^^^^^^^^^^^^^^^^^^^^^^^^^
  File "/mnt/SSD3/Chase/budgetting O3/experiments/1cll/k10_n100/public_boltz/.venv/lib/python3.12/site-packages/lightning_fabric/utilities/apply_func.py", line 110, in move_data_to_device
    return apply_to_collection(batch, dtype=_TransferableDataType, function=batch_to)
           ^^^^^^^^^^^^^^^^^^^^^^^^^^^^^^^^^^^^^^^^^^^^^^^^^^^^^^^^^^^^^^^^^^^^^^^^^^
  File "/mnt/SSD3/Chase/budgetting O3/experiments/1cll/k10_n100/public_boltz/.venv/lib/python3.12/site-packages/lightning_utilities/core/apply_func.py", line 78, in apply_to_collection
    return _apply_to_collection_slow(
           ^^^^^^^^^^^^^^^^^^^^^^^^^^
  File "/mnt/SSD3/Chase/budgetting O3/experiments/1cll/k10_n100/public_boltz/.venv/lib/python3.12/site-packages/lightning_utilities/core/apply_func.py", line 154, in _apply_to_collection_slow
    v = _apply_to_collection_slow(
        ^^^^^^^^^^^^^^^^^^^^^^^^^^
  File "/mnt/SSD3/Chase/budgetting O3/experiments/1cll/k10_n100/public_boltz/.venv/lib/python3.12/site-packages/lightning_utilities/core/apply_func.py", line 175, in _apply_to_collection_slow
    v = _apply_to_collection_slow(
        ^^^^^^^^^^^^^^^^^^^^^^^^^^
  File "/mnt/SSD3/Chase/budgetting O3/experiments/1cll/k10_n100/public_boltz/.venv/lib/python3.12/site-packages/lightning_utilities/core/apply_func.py", line 140, in _apply_to_collection_slow
    raise ValueError(
ValueError: A frozen dataclass was passed to `apply_to_collection` but this is not allowed.
