Seed set to 3255294667
Checking input data.
[14:29:13] Depickling from a version number (16.2)that is higher than our version (16.1).
This probably won't work.
[14:29:13] Depickling from a version number (16.2)that is higher than our version (16.1).
This probably won't work.
[14:29:13] Depickling from a version number (16.2)that is higher than our version (16.1).
This probably won't work.
[14:29:13] Depickling from a version number (16.2)that is higher than our version (16.1).
This probably won't work.
[14:29:13] Depickling from a version number (16.2)that is higher than our version (16.1).
This probably won't work.
[14:29:13] Depickling from a version number (16.2)that is higher than our version (16.1).
This probably won't work.
[14:29:13] Depickling from a version number (16.2)that is higher than our version (16.1).
This probably won't work.
[14:29:13] Depickling from a version number (16.2)that is higher than our version (16.1).
This probably won't work.
[14:29:13] Depickling from a version number (16.2)that is higher than our version (16.1).
This probably won't work.
[14:29:13] Depickling from a version number (16.2)that is higher than our version (16.1).
This probably won't work.
[14:29:13] Depickling from a version number (16.2)that is higher than our version (16.1).
This probably won't work.
[14:29:13] Depickling from a version number (16.2)that is higher than our version (16.1).
This probably won't work.
[14:29:13] Depickling from a version number (16.2)that is higher than our version (16.1).
This probably won't work.
[14:29:13] Depickling from a version number (16.2)that is higher than our version (16.1).
This probably won't work.
[14:29:13] Depickling from a version number (16.2)that is higher than our version (16.1).
This probably won't work.
[14:29:13] Depickling from a version number (16.2)that is higher than our version (16.1).
This probably won't work.
[14:29:13] Depickling from a version number (16.2)that is higher than our version (16.1).
This probably won't work.
[14:29:13] Depickling from a version number (16.2)that is higher than our version (16.1).
This probably won't work.
[14:29:13] Depickling from a version number (16.2)that is higher than our version (16.1).
This probably won't work.
[14:29:13] Depickling from a version number (16.2)that is higher than our version (16.1).
This probably won't work.
[14:29:13] Depickling from a version number (16.2)that is higher than our version (16.1).
This probably won't work.
Processing 1 inputs with 1 threads.
  0%|          | 0/1 [00:00<?, ?it/s]Found explicit empty MSA for some proteins, will run these in single sequence mode. Keep in mind that the model predictions will be suboptimal without an MSA.
100%|██████████| 1/1 [00:01<00:00,  1.18s/it]100%|██████████| 1/1 [00:01<00:00,  1.18s/it]
GPU available: True (cuda), used: True
TPU available: False, using: 0 TPU cores
HPU available: False, using: 0 HPUs
/mnt/SSD3/Chase/budgetting O3/experiments/1cll/k10_n100/public_boltz/.venv/lib/python3.12/site-packages/pytorch_lightning/trainer/connectors/logger_connector/logger_connector.py:76: Starting from v1.9.0, `tensorboardX` has been removed as a dependency of the `pytorch_lightning` package, due to potential conflicts with other packages in the ML ecosystem. For this reason, `logger=True` will use `CSVLogger` as the default logger, unless the `tensorboard` or `tensorboardX` packages are found. Please `pip install lightning[extra]` or one of them to enable TensorBoard support by default
Running structure prediction for 1 input.
/mnt/SSD3/Chase/budgetting O3/experiments/1cll/k10_n100/public_boltz/.venv/lib/python3.12/site-packages/pytorch_lightning/utilities/migration/utils.py:56: The loaded checkpoint was produced with Lightning v2.5.0.post0, which is newer than your current Lightning version: v2.5.0
[14:29:49] Depickling from a version number (16.2)that is higher than our version (16.1).
This probably won't work.
[14:29:49] Depickling from a version number (16.2)that is higher than our version (16.1).
This probably won't work.
[14:29:49] Depickling from a version number (16.2)that is higher than our version (16.1).
This probably won't work.
[14:29:49] Depickling from a version number (16.2)that is higher than our version (16.1).
This probably won't work.
[14:29:49] Depickling from a version number (16.2)that is higher than our version (16.1).
This probably won't work.
[14:29:49] Depickling from a version number (16.2)that is higher than our version (16.1).
This probably won't work.
[14:29:49] Depickling from a version number (16.2)that is higher than our version (16.1).
This probably won't work.
[14:29:49] Depickling from a version number (16.2)that is higher than our version (16.1).
This probably won't work.
[14:29:49] Depickling from a version number (16.2)that is higher than our version (16.1).
This probably won't work.
[14:29:49] Depickling from a version number (16.2)that is higher than our version (16.1).
This probably won't work.
[14:29:49] Depickling from a version number (16.2)that is higher than our version (16.1).
This probably won't work.
[14:29:49] Depickling from a version number (16.2)that is higher than our version (16.1).
This probably won't work.
[14:29:49] Depickling from a version number (16.2)that is higher than our version (16.1).
This probably won't work.
[14:29:49] Depickling from a version number (16.2)that is higher than our version (16.1).
This probably won't work.
[14:29:49] Depickling from a version number (16.2)that is higher than our version (16.1).
This probably won't work.
[14:29:49] Depickling from a version number (16.2)that is higher than our version (16.1).
This probably won't work.
[14:29:49] Depickling from a version number (16.2)that is higher than our version (16.1).
This probably won't work.
[14:29:49] Depickling from a version number (16.2)that is higher than our version (16.1).
This probably won't work.
[14:29:49] Depickling from a version number (16.2)that is higher than our version (16.1).
This probably won't work.
[14:29:49] Depickling from a version number (16.2)that is higher than our version (16.1).
This probably won't work.
[14:29:49] Depickling from a version number (16.2)that is higher than our version (16.1).
This probably won't work.
LOCAL_RANK: 0 - CUDA_VISIBLE_DEVICES: [0,1,2,3]
/mnt/SSD3/Chase/budgetting O3/experiments/1cll/k10_n100/public_boltz/.venv/lib/python3.12/site-packages/pytorch_lightning/trainer/connectors/data_connector.py:425: The 'predict_dataloader' does not have many workers which may be a bottleneck. Consider increasing the value of the `num_workers` argument` to `num_workers=11` in the `DataLoader` to improve performance.
Predicting: |          | 0/? [00:00<?, ?it/s]/mnt/SSD3/Chase/budgetting O3/experiments/1cll/k10_n100/public_boltz/.venv/lib/python3.12/site-packages/pytorch_lightning/loops/prediction_loop.py:307: Couldn't infer the batch indices fetched from your dataloader: `DataLoader`
Seed set to 3255294667
Predicting:   0%|          | 0/7 [00:00<?, ?it/s]Predicting DataLoader 0:   0%|          | 0/7 [00:00<?, ?it/s]Predicting DataLoader 0:  14%|█▍        | 1/7 [02:06<12:37,  0.01it/s]Seed set to 3255294683
Predicting DataLoader 0:  29%|██▊       | 2/7 [04:13<10:33,  0.01it/s]Seed set to 3255294699
Predicting DataLoader 0:  43%|████▎     | 3/7 [06:20<08:26,  0.01it/s]Seed set to 3255294715
Predicting DataLoader 0:  57%|█████▋    | 4/7 [08:27<06:20,  0.01it/s]Seed set to 3255294731
Predicting DataLoader 0:  71%|███████▏  | 5/7 [10:34<04:13,  0.01it/s]Seed set to 3255294747
Predicting DataLoader 0:  86%|████████▌ | 6/7 [12:41<02:06,  0.01it/s]Seed set to 3255294763
Predicting DataLoader 0: 100%|██████████| 7/7 [13:24<00:00,  0.01it/s]Number of failed examples: 0
Predicting DataLoader 0: 100%|██████████| 7/7 [13:24<00:00,  0.01it/s]
