
=== 2026-09-09T20:26:35.088538 GPU 2 seeds [20252135] ===
[Boltz-2] auto precision selected 32 for NVIDIA GeForce GTX TITAN X
All inputs are already processed.
[20:26:39] Depickling from a version number (16.2)that is higher than our version (16.1).
This probably won't work.
[20:26:39] Depickling from a version number (16.2)that is higher than our version (16.1).
This probably won't work.
[20:26:39] Depickling from a version number (16.2)that is higher than our version (16.1).
This probably won't work.
[20:26:39] Depickling from a version number (16.2)that is higher than our version (16.1).
This probably won't work.
[20:26:39] Depickling from a version number (16.2)that is higher than our version (16.1).
This probably won't work.
[20:26:39] Depickling from a version number (16.2)that is higher than our version (16.1).
This probably won't work.
[20:26:39] Depickling from a version number (16.2)that is higher than our version (16.1).
This probably won't work.
[20:26:39] Depickling from a version number (16.2)that is higher than our version (16.1).
This probably won't work.
[20:26:39] Depickling from a version number (16.2)that is higher than our version (16.1).
This probably won't work.
[20:26:39] Depickling from a version number (16.2)that is higher than our version (16.1).
This probably won't work.
[20:26:39] Depickling from a version number (16.2)that is higher than our version (16.1).
This probably won't work.
[20:26:39] Depickling from a version number (16.2)that is higher than our version (16.1).
This probably won't work.
[20:26:39] Depickling from a version number (16.2)that is higher than our version (16.1).
This probably won't work.
[20:26:39] Depickling from a version number (16.2)that is higher than our version (16.1).
This probably won't work.
[20:26:39] Depickling from a version number (16.2)that is higher than our version (16.1).
This probably won't work.
[20:26:39] Depickling from a version number (16.2)that is higher than our version (16.1).
This probably won't work.
[20:26:39] Depickling from a version number (16.2)that is higher than our version (16.1).
This probably won't work.
[20:26:39] Depickling from a version number (16.2)that is higher than our version (16.1).
This probably won't work.
[20:26:39] Depickling from a version number (16.2)that is higher than our version (16.1).
This probably won't work.
[20:26:39] Depickling from a version number (16.2)that is higher than our version (16.1).
This probably won't work.
[20:26:39] Depickling from a version number (16.2)that is higher than our version (16.1).
This probably won't work.
Processing 0 inputs with 0 threads.
0it [00:00, ?it/s]0it [00:00, ?it/s]
[20:26:39] Depickling from a version number (16.2)that is higher than our version (16.1).
This probably won't work.
[20:26:39] Depickling from a version number (16.2)that is higher than our version (16.1).
This probably won't work.
[20:26:39] Depickling from a version number (16.2)that is higher than our version (16.1).
This probably won't work.
[20:26:39] Depickling from a version number (16.2)that is higher than our version (16.1).
This probably won't work.
[20:26:39] Depickling from a version number (16.2)that is higher than our version (16.1).
This probably won't work.
[20:26:39] Depickling from a version number (16.2)that is higher than our version (16.1).
This probably won't work.
[20:26:39] Depickling from a version number (16.2)that is higher than our version (16.1).
This probably won't work.
[20:26:39] Depickling from a version number (16.2)that is higher than our version (16.1).
This probably won't work.
[20:26:39] Depickling from a version number (16.2)that is higher than our version (16.1).
This probably won't work.
[20:26:39] Depickling from a version number (16.2)that is higher than our version (16.1).
This probably won't work.
[20:26:39] Depickling from a version number (16.2)that is higher than our version (16.1).
This probably won't work.
[20:26:39] Depickling from a version number (16.2)that is higher than our version (16.1).
This probably won't work.
[20:26:39] Depickling from a version number (16.2)that is higher than our version (16.1).
This probably won't work.
[20:26:39] Depickling from a version number (16.2)that is higher than our version (16.1).
This probably won't work.
[20:26:39] Depickling from a version number (16.2)that is higher than our version (16.1).
This probably won't work.
[20:26:39] Depickling from a version number (16.2)that is higher than our version (16.1).
This probably won't work.
[20:26:39] Depickling from a version number (16.2)that is higher than our version (16.1).
This probably won't work.
[20:26:39] Depickling from a version number (16.2)that is higher than our version (16.1).
This probably won't work.
[20:26:39] Depickling from a version number (16.2)that is higher than our version (16.1).
This probably won't work.
[20:26:39] Depickling from a version number (16.2)that is higher than our version (16.1).
This probably won't work.
[20:26:39] Depickling from a version number (16.2)that is higher than our version (16.1).
This probably won't work.
Boltz atom tensor: 1134 real atoms, 1184 padded sampler slots.
[matched_stochastic] shared replicate seeds: [20252135]
[n100_k10 matched_stochastic seed=20252135] diagnostic protocol: 100 independent random Z samples -> select best 10
[n100_k10 matched_stochastic seed=20252135] generating 1/100 random Z samples
[Boltz-2] sampling=stochastic Boltz-2 | deterministic=False | latent=explicit z | gamma_0=0.8
[n100_k10 matched_stochastic seed=20252135] completed 1/100 | score=0.4570
[n100_k10 matched_stochastic seed=20252135] generating 2/100 random Z samples
[Boltz-2] sampling=stochastic Boltz-2 | deterministic=False | latent=explicit z | gamma_0=0.8
[n100_k10 matched_stochastic seed=20252135] completed 2/100 | score=0.4518
[n100_k10 matched_stochastic seed=20252135] generating 3/100 random Z samples
[Boltz-2] sampling=stochastic Boltz-2 | deterministic=False | latent=explicit z | gamma_0=0.8
[n100_k10 matched_stochastic seed=20252135] completed 3/100 | score=0.5656
[n100_k10 matched_stochastic seed=20252135] generating 4/100 random Z samples
[Boltz-2] sampling=stochastic Boltz-2 | deterministic=False | latent=explicit z | gamma_0=0.8
[n100_k10 matched_stochastic seed=20252135] completed 4/100 | score=0.4434
[n100_k10 matched_stochastic seed=20252135] generating 5/100 random Z samples
[Boltz-2] sampling=stochastic Boltz-2 | deterministic=False | latent=explicit z | gamma_0=0.8
[n100_k10 matched_stochastic seed=20252135] completed 5/100 | score=0.3939
[n100_k10 matched_stochastic seed=20252135] generating 6/100 random Z samples
[Boltz-2] sampling=stochastic Boltz-2 | deterministic=False | latent=explicit z | gamma_0=0.8
[n100_k10 matched_stochastic seed=20252135] completed 6/100 | score=0.5863
[n100_k10 matched_stochastic seed=20252135] generating 7/100 random Z samples
[Boltz-2] sampling=stochastic Boltz-2 | deterministic=False | latent=explicit z | gamma_0=0.8
[n100_k10 matched_stochastic seed=20252135] completed 7/100 | score=0.4601
[n100_k10 matched_stochastic seed=20252135] generating 8/100 random Z samples
[Boltz-2] sampling=stochastic Boltz-2 | deterministic=False | latent=explicit z | gamma_0=0.8
[n100_k10 matched_stochastic seed=20252135] completed 8/100 | score=0.4831
[n100_k10 matched_stochastic seed=20252135] generating 9/100 random Z samples
[Boltz-2] sampling=stochastic Boltz-2 | deterministic=False | latent=explicit z | gamma_0=0.8
[n100_k10 matched_stochastic seed=20252135] completed 9/100 | score=0.4638
[n100_k10 matched_stochastic seed=20252135] generating 10/100 random Z samples
[Boltz-2] sampling=stochastic Boltz-2 | deterministic=False | latent=explicit z | gamma_0=0.8
[n100_k10 matched_stochastic seed=20252135] completed 10/100 | score=0.4594
[n100_k10 matched_stochastic seed=20252135] generating 11/100 random Z samples
[Boltz-2] sampling=stochastic Boltz-2 | deterministic=False | latent=explicit z | gamma_0=0.8
[n100_k10 matched_stochastic seed=20252135] completed 11/100 | score=0.3802
[n100_k10 matched_stochastic seed=20252135] generating 12/100 random Z samples
[Boltz-2] sampling=stochastic Boltz-2 | deterministic=False | latent=explicit z | gamma_0=0.8
[n100_k10 matched_stochastic seed=20252135] completed 12/100 | score=0.4483
[n100_k10 matched_stochastic seed=20252135] generating 13/100 random Z samples
[Boltz-2] sampling=stochastic Boltz-2 | deterministic=False | latent=explicit z | gamma_0=0.8
[n100_k10 matched_stochastic seed=20252135] completed 13/100 | score=0.4579
[n100_k10 matched_stochastic seed=20252135] generating 14/100 random Z samples
[Boltz-2] sampling=stochastic Boltz-2 | deterministic=False | latent=explicit z | gamma_0=0.8
[n100_k10 matched_stochastic seed=20252135] completed 14/100 | score=0.4097
[n100_k10 matched_stochastic seed=20252135] generating 15/100 random Z samples
[Boltz-2] sampling=stochastic Boltz-2 | deterministic=False | latent=explicit z | gamma_0=0.8
[n100_k10 matched_stochastic seed=20252135] completed 15/100 | score=0.3813
[n100_k10 matched_stochastic seed=20252135] generating 16/100 random Z samples
[Boltz-2] sampling=stochastic Boltz-2 | deterministic=False | latent=explicit z | gamma_0=0.8
[n100_k10 matched_stochastic seed=20252135] completed 16/100 | score=0.8744
[n100_k10 matched_stochastic seed=20252135] generating 17/100 random Z samples
[Boltz-2] sampling=stochastic Boltz-2 | deterministic=False | latent=explicit z | gamma_0=0.8
[n100_k10 matched_stochastic seed=20252135] completed 17/100 | score=0.4408
[n100_k10 matched_stochastic seed=20252135] generating 18/100 random Z samples
[Boltz-2] sampling=stochastic Boltz-2 | deterministic=False | latent=explicit z | gamma_0=0.8
[n100_k10 matched_stochastic seed=20252135] completed 18/100 | score=0.4529
[n100_k10 matched_stochastic seed=20252135] generating 19/100 random Z samples
[Boltz-2] sampling=stochastic Boltz-2 | deterministic=False | latent=explicit z | gamma_0=0.8
[n100_k10 matched_stochastic seed=20252135] completed 19/100 | score=0.5969
[n100_k10 matched_stochastic seed=20252135] generating 20/100 random Z samples
[Boltz-2] sampling=stochastic Boltz-2 | deterministic=False | latent=explicit z | gamma_0=0.8
[n100_k10 matched_stochastic seed=20252135] completed 20/100 | score=0.4522
[n100_k10 matched_stochastic seed=20252135] generating 21/100 random Z samples
[Boltz-2] sampling=stochastic Boltz-2 | deterministic=False | latent=explicit z | gamma_0=0.8
[n100_k10 matched_stochastic seed=20252135] completed 21/100 | score=0.3493
[n100_k10 matched_stochastic seed=20252135] generating 22/100 random Z samples
[Boltz-2] sampling=stochastic Boltz-2 | deterministic=False | latent=explicit z | gamma_0=0.8
[n100_k10 matched_stochastic seed=20252135] completed 22/100 | score=0.4493
[n100_k10 matched_stochastic seed=20252135] generating 23/100 random Z samples
[Boltz-2] sampling=stochastic Boltz-2 | deterministic=False | latent=explicit z | gamma_0=0.8
[n100_k10 matched_stochastic seed=20252135] completed 23/100 | score=0.4590
[n100_k10 matched_stochastic seed=20252135] generating 24/100 random Z samples
[Boltz-2] sampling=stochastic Boltz-2 | deterministic=False | latent=explicit z | gamma_0=0.8
[n100_k10 matched_stochastic seed=20252135] completed 24/100 | score=0.4350
[n100_k10 matched_stochastic seed=20252135] generating 25/100 random Z samples
[Boltz-2] sampling=stochastic Boltz-2 | deterministic=False | latent=explicit z | gamma_0=0.8
[n100_k10 matched_stochastic seed=20252135] completed 25/100 | score=0.4288
[n100_k10 matched_stochastic seed=20252135] generating 26/100 random Z samples
[Boltz-2] sampling=stochastic Boltz-2 | deterministic=False | latent=explicit z | gamma_0=0.8
[n100_k10 matched_stochastic seed=20252135] completed 26/100 | score=0.4636
[n100_k10 matched_stochastic seed=20252135] generating 27/100 random Z samples
[Boltz-2] sampling=stochastic Boltz-2 | deterministic=False | latent=explicit z | gamma_0=0.8
[n100_k10 matched_stochastic seed=20252135] completed 27/100 | score=0.3682
[n100_k10 matched_stochastic seed=20252135] generating 28/100 random Z samples
[Boltz-2] sampling=stochastic Boltz-2 | deterministic=False | latent=explicit z | gamma_0=0.8
[n100_k10 matched_stochastic seed=20252135] completed 28/100 | score=0.4484
[n100_k10 matched_stochastic seed=20252135] generating 29/100 random Z samples
[Boltz-2] sampling=stochastic Boltz-2 | deterministic=False | latent=explicit z | gamma_0=0.8
[n100_k10 matched_stochastic seed=20252135] completed 29/100 | score=0.4492
[n100_k10 matched_stochastic seed=20252135] generating 30/100 random Z samples
[Boltz-2] sampling=stochastic Boltz-2 | deterministic=False | latent=explicit z | gamma_0=0.8
[n100_k10 matched_stochastic seed=20252135] completed 30/100 | score=0.4961
[n100_k10 matched_stochastic seed=20252135] generating 31/100 random Z samples
[Boltz-2] sampling=stochastic Boltz-2 | deterministic=False | latent=explicit z | gamma_0=0.8
[n100_k10 matched_stochastic seed=20252135] completed 31/100 | score=0.4580
[n100_k10 matched_stochastic seed=20252135] generating 32/100 random Z samples
[Boltz-2] sampling=stochastic Boltz-2 | deterministic=False | latent=explicit z | gamma_0=0.8
[n100_k10 matched_stochastic seed=20252135] completed 32/100 | score=0.4429
[n100_k10 matched_stochastic seed=20252135] generating 33/100 random Z samples
[Boltz-2] sampling=stochastic Boltz-2 | deterministic=False | latent=explicit z | gamma_0=0.8
[n100_k10 matched_stochastic seed=20252135] completed 33/100 | score=0.4949
[n100_k10 matched_stochastic seed=20252135] generating 34/100 random Z samples
[Boltz-2] sampling=stochastic Boltz-2 | deterministic=False | latent=explicit z | gamma_0=0.8
[n100_k10 matched_stochastic seed=20252135] completed 34/100 | score=0.4721
[n100_k10 matched_stochastic seed=20252135] generating 35/100 random Z samples
[Boltz-2] sampling=stochastic Boltz-2 | deterministic=False | latent=explicit z | gamma_0=0.8
[n100_k10 matched_stochastic seed=20252135] completed 35/100 | score=0.4534
[n100_k10 matched_stochastic seed=20252135] generating 36/100 random Z samples
[Boltz-2] sampling=stochastic Boltz-2 | deterministic=False | latent=explicit z | gamma_0=0.8
[n100_k10 matched_stochastic seed=20252135] completed 36/100 | score=0.4392
[n100_k10 matched_stochastic seed=20252135] generating 37/100 random Z samples
[Boltz-2] sampling=stochastic Boltz-2 | deterministic=False | latent=explicit z | gamma_0=0.8
[n100_k10 matched_stochastic seed=20252135] completed 37/100 | score=0.6431
[n100_k10 matched_stochastic seed=20252135] generating 38/100 random Z samples
[Boltz-2] sampling=stochastic Boltz-2 | deterministic=False | latent=explicit z | gamma_0=0.8
[n100_k10 matched_stochastic seed=20252135] completed 38/100 | score=0.5270
[n100_k10 matched_stochastic seed=20252135] generating 39/100 random Z samples
[Boltz-2] sampling=stochastic Boltz-2 | deterministic=False | latent=explicit z | gamma_0=0.8
[n100_k10 matched_stochastic seed=20252135] completed 39/100 | score=0.3942
[n100_k10 matched_stochastic seed=20252135] generating 40/100 random Z samples
[Boltz-2] sampling=stochastic Boltz-2 | deterministic=False | latent=explicit z | gamma_0=0.8
[n100_k10 matched_stochastic seed=20252135] completed 40/100 | score=0.4438
[n100_k10 matched_stochastic seed=20252135] generating 41/100 random Z samples
[Boltz-2] sampling=stochastic Boltz-2 | deterministic=False | latent=explicit z | gamma_0=0.8
[n100_k10 matched_stochastic seed=20252135] completed 41/100 | score=0.4551
[n100_k10 matched_stochastic seed=20252135] generating 42/100 random Z samples
[Boltz-2] sampling=stochastic Boltz-2 | deterministic=False | latent=explicit z | gamma_0=0.8
[n100_k10 matched_stochastic seed=20252135] completed 42/100 | score=0.5274
[n100_k10 matched_stochastic seed=20252135] generating 43/100 random Z samples
[Boltz-2] sampling=stochastic Boltz-2 | deterministic=False | latent=explicit z | gamma_0=0.8
[n100_k10 matched_stochastic seed=20252135] completed 43/100 | score=0.3868
[n100_k10 matched_stochastic seed=20252135] generating 44/100 random Z samples
[Boltz-2] sampling=stochastic Boltz-2 | deterministic=False | latent=explicit z | gamma_0=0.8
[n100_k10 matched_stochastic seed=20252135] completed 44/100 | score=0.7029
[n100_k10 matched_stochastic seed=20252135] generating 45/100 random Z samples
[Boltz-2] sampling=stochastic Boltz-2 | deterministic=False | latent=explicit z | gamma_0=0.8
[n100_k10 matched_stochastic seed=20252135] completed 45/100 | score=0.4246
[n100_k10 matched_stochastic seed=20252135] generating 46/100 random Z samples
[Boltz-2] sampling=stochastic Boltz-2 | deterministic=False | latent=explicit z | gamma_0=0.8
[n100_k10 matched_stochastic seed=20252135] completed 46/100 | score=0.5565
[n100_k10 matched_stochastic seed=20252135] generating 47/100 random Z samples
[Boltz-2] sampling=stochastic Boltz-2 | deterministic=False | latent=explicit z | gamma_0=0.8
[n100_k10 matched_stochastic seed=20252135] completed 47/100 | score=0.6786
[n100_k10 matched_stochastic seed=20252135] generating 48/100 random Z samples
[Boltz-2] sampling=stochastic Boltz-2 | deterministic=False | latent=explicit z | gamma_0=0.8
[n100_k10 matched_stochastic seed=20252135] completed 48/100 | score=0.4900
[n100_k10 matched_stochastic seed=20252135] generating 49/100 random Z samples
[Boltz-2] sampling=stochastic Boltz-2 | deterministic=False | latent=explicit z | gamma_0=0.8
[n100_k10 matched_stochastic seed=20252135] completed 49/100 | score=0.4342
[n100_k10 matched_stochastic seed=20252135] generating 50/100 random Z samples
[Boltz-2] sampling=stochastic Boltz-2 | deterministic=False | latent=explicit z | gamma_0=0.8
[n100_k10 matched_stochastic seed=20252135] completed 50/100 | score=0.5270
[n100_k10 matched_stochastic seed=20252135] generating 51/100 random Z samples
[Boltz-2] sampling=stochastic Boltz-2 | deterministic=False | latent=explicit z | gamma_0=0.8
[n100_k10 matched_stochastic seed=20252135] completed 51/100 | score=0.4413
[n100_k10 matched_stochastic seed=20252135] generating 52/100 random Z samples
[Boltz-2] sampling=stochastic Boltz-2 | deterministic=False | latent=explicit z | gamma_0=0.8
[n100_k10 matched_stochastic seed=20252135] completed 52/100 | score=0.4288
[n100_k10 matched_stochastic seed=20252135] generating 53/100 random Z samples
[Boltz-2] sampling=stochastic Boltz-2 | deterministic=False | latent=explicit z | gamma_0=0.8
[n100_k10 matched_stochastic seed=20252135] completed 53/100 | score=0.4502
[n100_k10 matched_stochastic seed=20252135] generating 54/100 random Z samples
[Boltz-2] sampling=stochastic Boltz-2 | deterministic=False | latent=explicit z | gamma_0=0.8
[n100_k10 matched_stochastic seed=20252135] completed 54/100 | score=0.5941
[n100_k10 matched_stochastic seed=20252135] generating 55/100 random Z samples
[Boltz-2] sampling=stochastic Boltz-2 | deterministic=False | latent=explicit z | gamma_0=0.8
[n100_k10 matched_stochastic seed=20252135] completed 55/100 | score=0.3401
[n100_k10 matched_stochastic seed=20252135] generating 56/100 random Z samples
[Boltz-2] sampling=stochastic Boltz-2 | deterministic=False | latent=explicit z | gamma_0=0.8
[n100_k10 matched_stochastic seed=20252135] completed 56/100 | score=0.4401
[n100_k10 matched_stochastic seed=20252135] generating 57/100 random Z samples
[Boltz-2] sampling=stochastic Boltz-2 | deterministic=False | latent=explicit z | gamma_0=0.8
[n100_k10 matched_stochastic seed=20252135] completed 57/100 | score=0.4566
[n100_k10 matched_stochastic seed=20252135] generating 58/100 random Z samples
[Boltz-2] sampling=stochastic Boltz-2 | deterministic=False | latent=explicit z | gamma_0=0.8
[n100_k10 matched_stochastic seed=20252135] completed 58/100 | score=0.4505
[n100_k10 matched_stochastic seed=20252135] generating 59/100 random Z samples
[Boltz-2] sampling=stochastic Boltz-2 | deterministic=False | latent=explicit z | gamma_0=0.8
[n100_k10 matched_stochastic seed=20252135] completed 59/100 | score=0.4701
[n100_k10 matched_stochastic seed=20252135] generating 60/100 random Z samples
[Boltz-2] sampling=stochastic Boltz-2 | deterministic=False | latent=explicit z | gamma_0=0.8
[n100_k10 matched_stochastic seed=20252135] completed 60/100 | score=0.4460
[n100_k10 matched_stochastic seed=20252135] generating 61/100 random Z samples
[Boltz-2] sampling=stochastic Boltz-2 | deterministic=False | latent=explicit z | gamma_0=0.8
[n100_k10 matched_stochastic seed=20252135] completed 61/100 | score=0.4249
[n100_k10 matched_stochastic seed=20252135] generating 62/100 random Z samples
[Boltz-2] sampling=stochastic Boltz-2 | deterministic=False | latent=explicit z | gamma_0=0.8
[n100_k10 matched_stochastic seed=20252135] completed 62/100 | score=0.5960
[n100_k10 matched_stochastic seed=20252135] generating 63/100 random Z samples
[Boltz-2] sampling=stochastic Boltz-2 | deterministic=False | latent=explicit z | gamma_0=0.8
[n100_k10 matched_stochastic seed=20252135] completed 63/100 | score=0.4480
[n100_k10 matched_stochastic seed=20252135] generating 64/100 random Z samples
[Boltz-2] sampling=stochastic Boltz-2 | deterministic=False | latent=explicit z | gamma_0=0.8
[n100_k10 matched_stochastic seed=20252135] completed 64/100 | score=0.4556
[n100_k10 matched_stochastic seed=20252135] generating 65/100 random Z samples
[Boltz-2] sampling=stochastic Boltz-2 | deterministic=False | latent=explicit z | gamma_0=0.8
[n100_k10 matched_stochastic seed=20252135] completed 65/100 | score=0.4597
[n100_k10 matched_stochastic seed=20252135] generating 66/100 random Z samples
[Boltz-2] sampling=stochastic Boltz-2 | deterministic=False | latent=explicit z | gamma_0=0.8
[n100_k10 matched_stochastic seed=20252135] completed 66/100 | score=0.4612
[n100_k10 matched_stochastic seed=20252135] generating 67/100 random Z samples
[Boltz-2] sampling=stochastic Boltz-2 | deterministic=False | latent=explicit z | gamma_0=0.8
[n100_k10 matched_stochastic seed=20252135] completed 67/100 | score=0.5627
[n100_k10 matched_stochastic seed=20252135] generating 68/100 random Z samples
[Boltz-2] sampling=stochastic Boltz-2 | deterministic=False | latent=explicit z | gamma_0=0.8
[n100_k10 matched_stochastic seed=20252135] completed 68/100 | score=0.4472
[n100_k10 matched_stochastic seed=20252135] generating 69/100 random Z samples
[Boltz-2] sampling=stochastic Boltz-2 | deterministic=False | latent=explicit z | gamma_0=0.8
[n100_k10 matched_stochastic seed=20252135] completed 69/100 | score=0.4555
[n100_k10 matched_stochastic seed=20252135] generating 70/100 random Z samples
[Boltz-2] sampling=stochastic Boltz-2 | deterministic=False | latent=explicit z | gamma_0=0.8
[n100_k10 matched_stochastic seed=20252135] completed 70/100 | score=0.6696
[n100_k10 matched_stochastic seed=20252135] generating 71/100 random Z samples
[Boltz-2] sampling=stochastic Boltz-2 | deterministic=False | latent=explicit z | gamma_0=0.8
[n100_k10 matched_stochastic seed=20252135] completed 71/100 | score=0.4650
[n100_k10 matched_stochastic seed=20252135] generating 72/100 random Z samples
[Boltz-2] sampling=stochastic Boltz-2 | deterministic=False | latent=explicit z | gamma_0=0.8
[n100_k10 matched_stochastic seed=20252135] completed 72/100 | score=0.6888
[n100_k10 matched_stochastic seed=20252135] generating 73/100 random Z samples
[Boltz-2] sampling=stochastic Boltz-2 | deterministic=False | latent=explicit z | gamma_0=0.8
[n100_k10 matched_stochastic seed=20252135] completed 73/100 | score=0.4154
[n100_k10 matched_stochastic seed=20252135] generating 74/100 random Z samples
[Boltz-2] sampling=stochastic Boltz-2 | deterministic=False | latent=explicit z | gamma_0=0.8
[n100_k10 matched_stochastic seed=20252135] completed 74/100 | score=0.4345
[n100_k10 matched_stochastic seed=20252135] generating 75/100 random Z samples
[Boltz-2] sampling=stochastic Boltz-2 | deterministic=False | latent=explicit z | gamma_0=0.8
[n100_k10 matched_stochastic seed=20252135] completed 75/100 | score=0.4504
[n100_k10 matched_stochastic seed=20252135] generating 76/100 random Z samples
[Boltz-2] sampling=stochastic Boltz-2 | deterministic=False | latent=explicit z | gamma_0=0.8
[n100_k10 matched_stochastic seed=20252135] completed 76/100 | score=0.4592
[n100_k10 matched_stochastic seed=20252135] generating 77/100 random Z samples
[Boltz-2] sampling=stochastic Boltz-2 | deterministic=False | latent=explicit z | gamma_0=0.8
[n100_k10 matched_stochastic seed=20252135] completed 77/100 | score=0.4561
[n100_k10 matched_stochastic seed=20252135] generating 78/100 random Z samples
[Boltz-2] sampling=stochastic Boltz-2 | deterministic=False | latent=explicit z | gamma_0=0.8
[n100_k10 matched_stochastic seed=20252135] completed 78/100 | score=0.4827
[n100_k10 matched_stochastic seed=20252135] generating 79/100 random Z samples
[Boltz-2] sampling=stochastic Boltz-2 | deterministic=False | latent=explicit z | gamma_0=0.8
[n100_k10 matched_stochastic seed=20252135] completed 79/100 | score=0.4312
[n100_k10 matched_stochastic seed=20252135] generating 80/100 random Z samples
[Boltz-2] sampling=stochastic Boltz-2 | deterministic=False | latent=explicit z | gamma_0=0.8
[n100_k10 matched_stochastic seed=20252135] completed 80/100 | score=0.4504
[n100_k10 matched_stochastic seed=20252135] generating 81/100 random Z samples
[Boltz-2] sampling=stochastic Boltz-2 | deterministic=False | latent=explicit z | gamma_0=0.8
[n100_k10 matched_stochastic seed=20252135] completed 81/100 | score=0.4562
[n100_k10 matched_stochastic seed=20252135] generating 82/100 random Z samples
[Boltz-2] sampling=stochastic Boltz-2 | deterministic=False | latent=explicit z | gamma_0=0.8
[n100_k10 matched_stochastic seed=20252135] completed 82/100 | score=0.4450
[n100_k10 matched_stochastic seed=20252135] generating 83/100 random Z samples
[Boltz-2] sampling=stochastic Boltz-2 | deterministic=False | latent=explicit z | gamma_0=0.8
[n100_k10 matched_stochastic seed=20252135] completed 83/100 | score=0.4689
[n100_k10 matched_stochastic seed=20252135] generating 84/100 random Z samples
[Boltz-2] sampling=stochastic Boltz-2 | deterministic=False | latent=explicit z | gamma_0=0.8
[n100_k10 matched_stochastic seed=20252135] completed 84/100 | score=0.4508
[n100_k10 matched_stochastic seed=20252135] generating 85/100 random Z samples
[Boltz-2] sampling=stochastic Boltz-2 | deterministic=False | latent=explicit z | gamma_0=0.8
[n100_k10 matched_stochastic seed=20252135] completed 85/100 | score=0.4763
[n100_k10 matched_stochastic seed=20252135] generating 86/100 random Z samples
[Boltz-2] sampling=stochastic Boltz-2 | deterministic=False | latent=explicit z | gamma_0=0.8
[n100_k10 matched_stochastic seed=20252135] completed 86/100 | score=0.5148
[n100_k10 matched_stochastic seed=20252135] generating 87/100 random Z samples
[Boltz-2] sampling=stochastic Boltz-2 | deterministic=False | latent=explicit z | gamma_0=0.8
[n100_k10 matched_stochastic seed=20252135] completed 87/100 | score=0.4285
[n100_k10 matched_stochastic seed=20252135] generating 88/100 random Z samples
[Boltz-2] sampling=stochastic Boltz-2 | deterministic=False | latent=explicit z | gamma_0=0.8
[n100_k10 matched_stochastic seed=20252135] completed 88/100 | score=0.4481
[n100_k10 matched_stochastic seed=20252135] generating 89/100 random Z samples
[Boltz-2] sampling=stochastic Boltz-2 | deterministic=False | latent=explicit z | gamma_0=0.8
[n100_k10 matched_stochastic seed=20252135] completed 89/100 | score=0.6045
[n100_k10 matched_stochastic seed=20252135] generating 90/100 random Z samples
[Boltz-2] sampling=stochastic Boltz-2 | deterministic=False | latent=explicit z | gamma_0=0.8
[n100_k10 matched_stochastic seed=20252135] completed 90/100 | score=0.4338
[n100_k10 matched_stochastic seed=20252135] generating 91/100 random Z samples
[Boltz-2] sampling=stochastic Boltz-2 | deterministic=False | latent=explicit z | gamma_0=0.8
[n100_k10 matched_stochastic seed=20252135] completed 91/100 | score=0.3204
[n100_k10 matched_stochastic seed=20252135] generating 92/100 random Z samples
[Boltz-2] sampling=stochastic Boltz-2 | deterministic=False | latent=explicit z | gamma_0=0.8
[n100_k10 matched_stochastic seed=20252135] completed 92/100 | score=0.4607
[n100_k10 matched_stochastic seed=20252135] generating 93/100 random Z samples
[Boltz-2] sampling=stochastic Boltz-2 | deterministic=False | latent=explicit z | gamma_0=0.8
[n100_k10 matched_stochastic seed=20252135] completed 93/100 | score=0.4461
[n100_k10 matched_stochastic seed=20252135] generating 94/100 random Z samples
[Boltz-2] sampling=stochastic Boltz-2 | deterministic=False | latent=explicit z | gamma_0=0.8
[n100_k10 matched_stochastic seed=20252135] completed 94/100 | score=0.4407
[n100_k10 matched_stochastic seed=20252135] generating 95/100 random Z samples
[Boltz-2] sampling=stochastic Boltz-2 | deterministic=False | latent=explicit z | gamma_0=0.8
[n100_k10 matched_stochastic seed=20252135] completed 95/100 | score=0.4576
[n100_k10 matched_stochastic seed=20252135] generating 96/100 random Z samples
[Boltz-2] sampling=stochastic Boltz-2 | deterministic=False | latent=explicit z | gamma_0=0.8
[n100_k10 matched_stochastic seed=20252135] completed 96/100 | score=0.4797
[n100_k10 matched_stochastic seed=20252135] generating 97/100 random Z samples
[Boltz-2] sampling=stochastic Boltz-2 | deterministic=False | latent=explicit z | gamma_0=0.8
[n100_k10 matched_stochastic seed=20252135] completed 97/100 | score=0.4496
[n100_k10 matched_stochastic seed=20252135] generating 98/100 random Z samples
[Boltz-2] sampling=stochastic Boltz-2 | deterministic=False | latent=explicit z | gamma_0=0.8
[n100_k10 matched_stochastic seed=20252135] completed 98/100 | score=0.4233
[n100_k10 matched_stochastic seed=20252135] generating 99/100 random Z samples
[Boltz-2] sampling=stochastic Boltz-2 | deterministic=False | latent=explicit z | gamma_0=0.8
[n100_k10 matched_stochastic seed=20252135] completed 99/100 | score=0.4587
[n100_k10 matched_stochastic seed=20252135] generating 100/100 random Z samples
[Boltz-2] sampling=stochastic Boltz-2 | deterministic=False | latent=explicit z | gamma_0=0.8
[n100_k10 matched_stochastic seed=20252135] completed 100/100 | score=0.3713
[n100_k10 matched_stochastic seed=20252135] diagnostic complete: 100 random Z samples -> best 10; mean-of-K=0.6649
[Boltz-2] auto precision selected 32 for NVIDIA GeForce GTX TITAN X
All inputs are already processed.
[21:02:34] Depickling from a version number (16.2)that is higher than our version (16.1).
This probably won't work.
[21:02:34] Depickling from a version number (16.2)that is higher than our version (16.1).
This probably won't work.
[21:02:34] Depickling from a version number (16.2)that is higher than our version (16.1).
This probably won't work.
[21:02:34] Depickling from a version number (16.2)that is higher than our version (16.1).
This probably won't work.
[21:02:34] Depickling from a version number (16.2)that is higher than our version (16.1).
This probably won't work.
[21:02:34] Depickling from a version number (16.2)that is higher than our version (16.1).
This probably won't work.
[21:02:34] Depickling from a version number (16.2)that is higher than our version (16.1).
This probably won't work.
[21:02:34] Depickling from a version number (16.2)that is higher than our version (16.1).
This probably won't work.
[21:02:34] Depickling from a version number (16.2)that is higher than our version (16.1).
This probably won't work.
[21:02:34] Depickling from a version number (16.2)that is higher than our version (16.1).
This probably won't work.
[21:02:34] Depickling from a version number (16.2)that is higher than our version (16.1).
This probably won't work.
[21:02:34] Depickling from a version number (16.2)that is higher than our version (16.1).
This probably won't work.
[21:02:34] Depickling from a version number (16.2)that is higher than our version (16.1).
This probably won't work.
[21:02:34] Depickling from a version number (16.2)that is higher than our version (16.1).
This probably won't work.
[21:02:34] Depickling from a version number (16.2)that is higher than our version (16.1).
This probably won't work.
[21:02:34] Depickling from a version number (16.2)that is higher than our version (16.1).
This probably won't work.
[21:02:34] Depickling from a version number (16.2)that is higher than our version (16.1).
This probably won't work.
[21:02:34] Depickling from a version number (16.2)that is higher than our version (16.1).
This probably won't work.
[21:02:34] Depickling from a version number (16.2)that is higher than our version (16.1).
This probably won't work.
[21:02:34] Depickling from a version number (16.2)that is higher than our version (16.1).
This probably won't work.
[21:02:34] Depickling from a version number (16.2)that is higher than our version (16.1).
This probably won't work.
Processing 0 inputs with 0 threads.
0it [00:00, ?it/s]0it [00:00, ?it/s]
[21:02:34] Depickling from a version number (16.2)that is higher than our version (16.1).
This probably won't work.
[21:02:34] Depickling from a version number (16.2)that is higher than our version (16.1).
This probably won't work.
[21:02:34] Depickling from a version number (16.2)that is higher than our version (16.1).
This probably won't work.
[21:02:34] Depickling from a version number (16.2)that is higher than our version (16.1).
This probably won't work.
[21:02:34] Depickling from a version number (16.2)that is higher than our version (16.1).
This probably won't work.
[21:02:34] Depickling from a version number (16.2)that is higher than our version (16.1).
This probably won't work.
[21:02:34] Depickling from a version number (16.2)that is higher than our version (16.1).
This probably won't work.
[21:02:34] Depickling from a version number (16.2)that is higher than our version (16.1).
This probably won't work.
[21:02:34] Depickling from a version number (16.2)that is higher than our version (16.1).
This probably won't work.
[21:02:34] Depickling from a version number (16.2)that is higher than our version (16.1).
This probably won't work.
[21:02:34] Depickling from a version number (16.2)that is higher than our version (16.1).
This probably won't work.
[21:02:34] Depickling from a version number (16.2)that is higher than our version (16.1).
This probably won't work.
[21:02:34] Depickling from a version number (16.2)that is higher than our version (16.1).
This probably won't work.
[21:02:34] Depickling from a version number (16.2)that is higher than our version (16.1).
This probably won't work.
[21:02:34] Depickling from a version number (16.2)that is higher than our version (16.1).
This probably won't work.
[21:02:34] Depickling from a version number (16.2)that is higher than our version (16.1).
This probably won't work.
[21:02:34] Depickling from a version number (16.2)that is higher than our version (16.1).
This probably won't work.
[21:02:34] Depickling from a version number (16.2)that is higher than our version (16.1).
This probably won't work.
[21:02:34] Depickling from a version number (16.2)that is higher than our version (16.1).
This probably won't work.
[21:02:34] Depickling from a version number (16.2)that is higher than our version (16.1).
This probably won't work.
[21:02:34] Depickling from a version number (16.2)that is higher than our version (16.1).
This probably won't work.
Boltz atom tensor: 1134 real atoms, 1184 padded sampler slots.
[random_pfode] shared replicate seeds: [20252135]
[n100_k10 random_pfode seed=20252135] diagnostic protocol: 100 independent random Z samples -> select best 10
[n100_k10 random_pfode seed=20252135] generating 1/100 random Z samples
[Boltz-2] sampling=deterministic PF-ODE | deterministic=True | latent=explicit z | gamma_0=0
[n100_k10 random_pfode seed=20252135] completed 1/100 | score=0.7616
[n100_k10 random_pfode seed=20252135] generating 2/100 random Z samples
[Boltz-2] sampling=deterministic PF-ODE | deterministic=True | latent=explicit z | gamma_0=0
[n100_k10 random_pfode seed=20252135] completed 2/100 | score=0.7353
[n100_k10 random_pfode seed=20252135] generating 3/100 random Z samples
[Boltz-2] sampling=deterministic PF-ODE | deterministic=True | latent=explicit z | gamma_0=0
[n100_k10 random_pfode seed=20252135] completed 3/100 | score=0.7756
[n100_k10 random_pfode seed=20252135] generating 4/100 random Z samples
[Boltz-2] sampling=deterministic PF-ODE | deterministic=True | latent=explicit z | gamma_0=0
[n100_k10 random_pfode seed=20252135] completed 4/100 | score=0.7543
[n100_k10 random_pfode seed=20252135] generating 5/100 random Z samples
[Boltz-2] sampling=deterministic PF-ODE | deterministic=True | latent=explicit z | gamma_0=0
[n100_k10 random_pfode seed=20252135] completed 5/100 | score=0.5856
[n100_k10 random_pfode seed=20252135] generating 6/100 random Z samples
[Boltz-2] sampling=deterministic PF-ODE | deterministic=True | latent=explicit z | gamma_0=0
[n100_k10 random_pfode seed=20252135] completed 6/100 | score=0.5304
[n100_k10 random_pfode seed=20252135] generating 7/100 random Z samples
[Boltz-2] sampling=deterministic PF-ODE | deterministic=True | latent=explicit z | gamma_0=0
[n100_k10 random_pfode seed=20252135] completed 7/100 | score=0.6217
[n100_k10 random_pfode seed=20252135] generating 8/100 random Z samples
[Boltz-2] sampling=deterministic PF-ODE | deterministic=True | latent=explicit z | gamma_0=0
[n100_k10 random_pfode seed=20252135] completed 8/100 | score=0.4960
[n100_k10 random_pfode seed=20252135] generating 9/100 random Z samples
[Boltz-2] sampling=deterministic PF-ODE | deterministic=True | latent=explicit z | gamma_0=0
[n100_k10 random_pfode seed=20252135] completed 9/100 | score=0.6279
[n100_k10 random_pfode seed=20252135] generating 10/100 random Z samples
[Boltz-2] sampling=deterministic PF-ODE | deterministic=True | latent=explicit z | gamma_0=0
[n100_k10 random_pfode seed=20252135] completed 10/100 | score=0.5785
[n100_k10 random_pfode seed=20252135] generating 11/100 random Z samples
[Boltz-2] sampling=deterministic PF-ODE | deterministic=True | latent=explicit z | gamma_0=0
[n100_k10 random_pfode seed=20252135] completed 11/100 | score=0.7791
[n100_k10 random_pfode seed=20252135] generating 12/100 random Z samples
[Boltz-2] sampling=deterministic PF-ODE | deterministic=True | latent=explicit z | gamma_0=0
[n100_k10 random_pfode seed=20252135] completed 12/100 | score=0.8681
[n100_k10 random_pfode seed=20252135] generating 13/100 random Z samples
[Boltz-2] sampling=deterministic PF-ODE | deterministic=True | latent=explicit z | gamma_0=0
[n100_k10 random_pfode seed=20252135] completed 13/100 | score=0.4648
[n100_k10 random_pfode seed=20252135] generating 14/100 random Z samples
[Boltz-2] sampling=deterministic PF-ODE | deterministic=True | latent=explicit z | gamma_0=0
[n100_k10 random_pfode seed=20252135] completed 14/100 | score=0.7528
[n100_k10 random_pfode seed=20252135] generating 15/100 random Z samples
[Boltz-2] sampling=deterministic PF-ODE | deterministic=True | latent=explicit z | gamma_0=0
[n100_k10 random_pfode seed=20252135] completed 15/100 | score=0.6868
[n100_k10 random_pfode seed=20252135] generating 16/100 random Z samples
[Boltz-2] sampling=deterministic PF-ODE | deterministic=True | latent=explicit z | gamma_0=0
[n100_k10 random_pfode seed=20252135] completed 16/100 | score=0.6180
[n100_k10 random_pfode seed=20252135] generating 17/100 random Z samples
[Boltz-2] sampling=deterministic PF-ODE | deterministic=True | latent=explicit z | gamma_0=0
[n100_k10 random_pfode seed=20252135] completed 17/100 | score=0.6199
[n100_k10 random_pfode seed=20252135] generating 18/100 random Z samples
[Boltz-2] sampling=deterministic PF-ODE | deterministic=True | latent=explicit z | gamma_0=0
[n100_k10 random_pfode seed=20252135] completed 18/100 | score=0.5089
[n100_k10 random_pfode seed=20252135] generating 19/100 random Z samples
[Boltz-2] sampling=deterministic PF-ODE | deterministic=True | latent=explicit z | gamma_0=0
[n100_k10 random_pfode seed=20252135] completed 19/100 | score=0.7048
[n100_k10 random_pfode seed=20252135] generating 20/100 random Z samples
[Boltz-2] sampling=deterministic PF-ODE | deterministic=True | latent=explicit z | gamma_0=0
[n100_k10 random_pfode seed=20252135] completed 20/100 | score=0.7727
[n100_k10 random_pfode seed=20252135] generating 21/100 random Z samples
[Boltz-2] sampling=deterministic PF-ODE | deterministic=True | latent=explicit z | gamma_0=0
[n100_k10 random_pfode seed=20252135] completed 21/100 | score=0.5387
[n100_k10 random_pfode seed=20252135] generating 22/100 random Z samples
[Boltz-2] sampling=deterministic PF-ODE | deterministic=True | latent=explicit z | gamma_0=0
[n100_k10 random_pfode seed=20252135] completed 22/100 | score=0.5349
[n100_k10 random_pfode seed=20252135] generating 23/100 random Z samples
[Boltz-2] sampling=deterministic PF-ODE | deterministic=True | latent=explicit z | gamma_0=0
[n100_k10 random_pfode seed=20252135] completed 23/100 | score=0.7849
[n100_k10 random_pfode seed=20252135] generating 24/100 random Z samples
[Boltz-2] sampling=deterministic PF-ODE | deterministic=True | latent=explicit z | gamma_0=0
[n100_k10 random_pfode seed=20252135] completed 24/100 | score=0.4988
[n100_k10 random_pfode seed=20252135] generating 25/100 random Z samples
[Boltz-2] sampling=deterministic PF-ODE | deterministic=True | latent=explicit z | gamma_0=0
[n100_k10 random_pfode seed=20252135] completed 25/100 | score=0.4587
[n100_k10 random_pfode seed=20252135] generating 26/100 random Z samples
[Boltz-2] sampling=deterministic PF-ODE | deterministic=True | latent=explicit z | gamma_0=0
[n100_k10 random_pfode seed=20252135] completed 26/100 | score=0.4657
[n100_k10 random_pfode seed=20252135] generating 27/100 random Z samples
[Boltz-2] sampling=deterministic PF-ODE | deterministic=True | latent=explicit z | gamma_0=0
[n100_k10 random_pfode seed=20252135] completed 27/100 | score=0.6662
[n100_k10 random_pfode seed=20252135] generating 28/100 random Z samples
[Boltz-2] sampling=deterministic PF-ODE | deterministic=True | latent=explicit z | gamma_0=0
[n100_k10 random_pfode seed=20252135] completed 28/100 | score=0.4516
[n100_k10 random_pfode seed=20252135] generating 29/100 random Z samples
[Boltz-2] sampling=deterministic PF-ODE | deterministic=True | latent=explicit z | gamma_0=0
[n100_k10 random_pfode seed=20252135] completed 29/100 | score=0.8198
[n100_k10 random_pfode seed=20252135] generating 30/100 random Z samples
[Boltz-2] sampling=deterministic PF-ODE | deterministic=True | latent=explicit z | gamma_0=0
[n100_k10 random_pfode seed=20252135] completed 30/100 | score=0.6429
[n100_k10 random_pfode seed=20252135] generating 31/100 random Z samples
[Boltz-2] sampling=deterministic PF-ODE | deterministic=True | latent=explicit z | gamma_0=0
[n100_k10 random_pfode seed=20252135] completed 31/100 | score=0.7495
[n100_k10 random_pfode seed=20252135] generating 32/100 random Z samples
[Boltz-2] sampling=deterministic PF-ODE | deterministic=True | latent=explicit z | gamma_0=0
[n100_k10 random_pfode seed=20252135] completed 32/100 | score=0.5502
[n100_k10 random_pfode seed=20252135] generating 33/100 random Z samples
[Boltz-2] sampling=deterministic PF-ODE | deterministic=True | latent=explicit z | gamma_0=0
[n100_k10 random_pfode seed=20252135] completed 33/100 | score=0.4782
[n100_k10 random_pfode seed=20252135] generating 34/100 random Z samples
[Boltz-2] sampling=deterministic PF-ODE | deterministic=True | latent=explicit z | gamma_0=0
[n100_k10 random_pfode seed=20252135] completed 34/100 | score=0.7447
[n100_k10 random_pfode seed=20252135] generating 35/100 random Z samples
[Boltz-2] sampling=deterministic PF-ODE | deterministic=True | latent=explicit z | gamma_0=0
[n100_k10 random_pfode seed=20252135] completed 35/100 | score=0.5389
[n100_k10 random_pfode seed=20252135] generating 36/100 random Z samples
[Boltz-2] sampling=deterministic PF-ODE | deterministic=True | latent=explicit z | gamma_0=0
[n100_k10 random_pfode seed=20252135] completed 36/100 | score=0.5537
[n100_k10 random_pfode seed=20252135] generating 37/100 random Z samples
[Boltz-2] sampling=deterministic PF-ODE | deterministic=True | latent=explicit z | gamma_0=0
[n100_k10 random_pfode seed=20252135] completed 37/100 | score=0.5875
[n100_k10 random_pfode seed=20252135] generating 38/100 random Z samples
[Boltz-2] sampling=deterministic PF-ODE | deterministic=True | latent=explicit z | gamma_0=0
[n100_k10 random_pfode seed=20252135] completed 38/100 | score=0.6139
[n100_k10 random_pfode seed=20252135] generating 39/100 random Z samples
[Boltz-2] sampling=deterministic PF-ODE | deterministic=True | latent=explicit z | gamma_0=0
[n100_k10 random_pfode seed=20252135] completed 39/100 | score=0.6734
[n100_k10 random_pfode seed=20252135] generating 40/100 random Z samples
[Boltz-2] sampling=deterministic PF-ODE | deterministic=True | latent=explicit z | gamma_0=0
[n100_k10 random_pfode seed=20252135] completed 40/100 | score=0.5260
[n100_k10 random_pfode seed=20252135] generating 41/100 random Z samples
[Boltz-2] sampling=deterministic PF-ODE | deterministic=True | latent=explicit z | gamma_0=0
[n100_k10 random_pfode seed=20252135] completed 41/100 | score=0.6406
[n100_k10 random_pfode seed=20252135] generating 42/100 random Z samples
[Boltz-2] sampling=deterministic PF-ODE | deterministic=True | latent=explicit z | gamma_0=0
[n100_k10 random_pfode seed=20252135] completed 42/100 | score=0.4681
[n100_k10 random_pfode seed=20252135] generating 43/100 random Z samples
[Boltz-2] sampling=deterministic PF-ODE | deterministic=True | latent=explicit z | gamma_0=0
[n100_k10 random_pfode seed=20252135] completed 43/100 | score=0.7393
[n100_k10 random_pfode seed=20252135] generating 44/100 random Z samples
[Boltz-2] sampling=deterministic PF-ODE | deterministic=True | latent=explicit z | gamma_0=0
[n100_k10 random_pfode seed=20252135] completed 44/100 | score=0.8162
[n100_k10 random_pfode seed=20252135] generating 45/100 random Z samples
[Boltz-2] sampling=deterministic PF-ODE | deterministic=True | latent=explicit z | gamma_0=0
[n100_k10 random_pfode seed=20252135] completed 45/100 | score=0.4706
[n100_k10 random_pfode seed=20252135] generating 46/100 random Z samples
[Boltz-2] sampling=deterministic PF-ODE | deterministic=True | latent=explicit z | gamma_0=0
[n100_k10 random_pfode seed=20252135] completed 46/100 | score=0.6390
[n100_k10 random_pfode seed=20252135] generating 47/100 random Z samples
[Boltz-2] sampling=deterministic PF-ODE | deterministic=True | latent=explicit z | gamma_0=0
[n100_k10 random_pfode seed=20252135] completed 47/100 | score=0.6444
[n100_k10 random_pfode seed=20252135] generating 48/100 random Z samples
[Boltz-2] sampling=deterministic PF-ODE | deterministic=True | latent=explicit z | gamma_0=0
[n100_k10 random_pfode seed=20252135] completed 48/100 | score=0.5410
[n100_k10 random_pfode seed=20252135] generating 49/100 random Z samples
[Boltz-2] sampling=deterministic PF-ODE | deterministic=True | latent=explicit z | gamma_0=0
[n100_k10 random_pfode seed=20252135] completed 49/100 | score=0.6180
[n100_k10 random_pfode seed=20252135] generating 50/100 random Z samples
[Boltz-2] sampling=deterministic PF-ODE | deterministic=True | latent=explicit z | gamma_0=0
[n100_k10 random_pfode seed=20252135] completed 50/100 | score=0.5883
[n100_k10 random_pfode seed=20252135] generating 51/100 random Z samples
[Boltz-2] sampling=deterministic PF-ODE | deterministic=True | latent=explicit z | gamma_0=0
[n100_k10 random_pfode seed=20252135] completed 51/100 | score=0.7433
[n100_k10 random_pfode seed=20252135] generating 52/100 random Z samples
[Boltz-2] sampling=deterministic PF-ODE | deterministic=True | latent=explicit z | gamma_0=0
[n100_k10 random_pfode seed=20252135] completed 52/100 | score=0.7040
[n100_k10 random_pfode seed=20252135] generating 53/100 random Z samples
[Boltz-2] sampling=deterministic PF-ODE | deterministic=True | latent=explicit z | gamma_0=0
[n100_k10 random_pfode seed=20252135] completed 53/100 | score=0.7958
[n100_k10 random_pfode seed=20252135] generating 54/100 random Z samples
[Boltz-2] sampling=deterministic PF-ODE | deterministic=True | latent=explicit z | gamma_0=0
[n100_k10 random_pfode seed=20252135] completed 54/100 | score=0.7060
[n100_k10 random_pfode seed=20252135] generating 55/100 random Z samples
[Boltz-2] sampling=deterministic PF-ODE | deterministic=True | latent=explicit z | gamma_0=0
[n100_k10 random_pfode seed=20252135] completed 55/100 | score=0.7728
[n100_k10 random_pfode seed=20252135] generating 56/100 random Z samples
[Boltz-2] sampling=deterministic PF-ODE | deterministic=True | latent=explicit z | gamma_0=0
[n100_k10 random_pfode seed=20252135] completed 56/100 | score=0.4193
[n100_k10 random_pfode seed=20252135] generating 57/100 random Z samples
[Boltz-2] sampling=deterministic PF-ODE | deterministic=True | latent=explicit z | gamma_0=0
[n100_k10 random_pfode seed=20252135] completed 57/100 | score=0.6021
[n100_k10 random_pfode seed=20252135] generating 58/100 random Z samples
[Boltz-2] sampling=deterministic PF-ODE | deterministic=True | latent=explicit z | gamma_0=0
[n100_k10 random_pfode seed=20252135] completed 58/100 | score=0.5237
[n100_k10 random_pfode seed=20252135] generating 59/100 random Z samples
[Boltz-2] sampling=deterministic PF-ODE | deterministic=True | latent=explicit z | gamma_0=0
[n100_k10 random_pfode seed=20252135] completed 59/100 | score=0.6492
[n100_k10 random_pfode seed=20252135] generating 60/100 random Z samples
[Boltz-2] sampling=deterministic PF-ODE | deterministic=True | latent=explicit z | gamma_0=0
[n100_k10 random_pfode seed=20252135] completed 60/100 | score=0.8274
[n100_k10 random_pfode seed=20252135] generating 61/100 random Z samples
[Boltz-2] sampling=deterministic PF-ODE | deterministic=True | latent=explicit z | gamma_0=0
[n100_k10 random_pfode seed=20252135] completed 61/100 | score=0.4764
[n100_k10 random_pfode seed=20252135] generating 62/100 random Z samples
[Boltz-2] sampling=deterministic PF-ODE | deterministic=True | latent=explicit z | gamma_0=0
[n100_k10 random_pfode seed=20252135] completed 62/100 | score=0.6068
[n100_k10 random_pfode seed=20252135] generating 63/100 random Z samples
[Boltz-2] sampling=deterministic PF-ODE | deterministic=True | latent=explicit z | gamma_0=0
[n100_k10 random_pfode seed=20252135] completed 63/100 | score=0.7867
[n100_k10 random_pfode seed=20252135] generating 64/100 random Z samples
[Boltz-2] sampling=deterministic PF-ODE | deterministic=True | latent=explicit z | gamma_0=0
[n100_k10 random_pfode seed=20252135] completed 64/100 | score=0.6414
[n100_k10 random_pfode seed=20252135] generating 65/100 random Z samples
[Boltz-2] sampling=deterministic PF-ODE | deterministic=True | latent=explicit z | gamma_0=0
[n100_k10 random_pfode seed=20252135] completed 65/100 | score=0.6572
[n100_k10 random_pfode seed=20252135] generating 66/100 random Z samples
[Boltz-2] sampling=deterministic PF-ODE | deterministic=True | latent=explicit z | gamma_0=0
[n100_k10 random_pfode seed=20252135] completed 66/100 | score=0.4931
[n100_k10 random_pfode seed=20252135] generating 67/100 random Z samples
[Boltz-2] sampling=deterministic PF-ODE | deterministic=True | latent=explicit z | gamma_0=0
[n100_k10 random_pfode seed=20252135] completed 67/100 | score=0.6584
[n100_k10 random_pfode seed=20252135] generating 68/100 random Z samples
[Boltz-2] sampling=deterministic PF-ODE | deterministic=True | latent=explicit z | gamma_0=0
[n100_k10 random_pfode seed=20252135] completed 68/100 | score=0.6862
[n100_k10 random_pfode seed=20252135] generating 69/100 random Z samples
[Boltz-2] sampling=deterministic PF-ODE | deterministic=True | latent=explicit z | gamma_0=0
[n100_k10 random_pfode seed=20252135] completed 69/100 | score=0.7028
[n100_k10 random_pfode seed=20252135] generating 70/100 random Z samples
[Boltz-2] sampling=deterministic PF-ODE | deterministic=True | latent=explicit z | gamma_0=0
[n100_k10 random_pfode seed=20252135] completed 70/100 | score=0.5745
[n100_k10 random_pfode seed=20252135] generating 71/100 random Z samples
[Boltz-2] sampling=deterministic PF-ODE | deterministic=True | latent=explicit z | gamma_0=0
[n100_k10 random_pfode seed=20252135] completed 71/100 | score=0.4906
[n100_k10 random_pfode seed=20252135] generating 72/100 random Z samples
[Boltz-2] sampling=deterministic PF-ODE | deterministic=True | latent=explicit z | gamma_0=0
[n100_k10 random_pfode seed=20252135] completed 72/100 | score=0.6732
[n100_k10 random_pfode seed=20252135] generating 73/100 random Z samples
[Boltz-2] sampling=deterministic PF-ODE | deterministic=True | latent=explicit z | gamma_0=0
[n100_k10 random_pfode seed=20252135] completed 73/100 | score=0.5754
[n100_k10 random_pfode seed=20252135] generating 74/100 random Z samples
[Boltz-2] sampling=deterministic PF-ODE | deterministic=True | latent=explicit z | gamma_0=0
[n100_k10 random_pfode seed=20252135] completed 74/100 | score=0.4630
[n100_k10 random_pfode seed=20252135] generating 75/100 random Z samples
[Boltz-2] sampling=deterministic PF-ODE | deterministic=True | latent=explicit z | gamma_0=0
[n100_k10 random_pfode seed=20252135] completed 75/100 | score=0.5784
[n100_k10 random_pfode seed=20252135] generating 76/100 random Z samples
[Boltz-2] sampling=deterministic PF-ODE | deterministic=True | latent=explicit z | gamma_0=0
[n100_k10 random_pfode seed=20252135] completed 76/100 | score=0.6999
[n100_k10 random_pfode seed=20252135] generating 77/100 random Z samples
[Boltz-2] sampling=deterministic PF-ODE | deterministic=True | latent=explicit z | gamma_0=0
[n100_k10 random_pfode seed=20252135] completed 77/100 | score=0.5590
[n100_k10 random_pfode seed=20252135] generating 78/100 random Z samples
[Boltz-2] sampling=deterministic PF-ODE | deterministic=True | latent=explicit z | gamma_0=0
[n100_k10 random_pfode seed=20252135] completed 78/100 | score=0.5014
[n100_k10 random_pfode seed=20252135] generating 79/100 random Z samples
[Boltz-2] sampling=deterministic PF-ODE | deterministic=True | latent=explicit z | gamma_0=0
[n100_k10 random_pfode seed=20252135] completed 79/100 | score=0.6293
[n100_k10 random_pfode seed=20252135] generating 80/100 random Z samples
[Boltz-2] sampling=deterministic PF-ODE | deterministic=True | latent=explicit z | gamma_0=0
[n100_k10 random_pfode seed=20252135] completed 80/100 | score=0.6011
[n100_k10 random_pfode seed=20252135] generating 81/100 random Z samples
[Boltz-2] sampling=deterministic PF-ODE | deterministic=True | latent=explicit z | gamma_0=0
[n100_k10 random_pfode seed=20252135] completed 81/100 | score=0.7968
[n100_k10 random_pfode seed=20252135] generating 82/100 random Z samples
[Boltz-2] sampling=deterministic PF-ODE | deterministic=True | latent=explicit z | gamma_0=0
[n100_k10 random_pfode seed=20252135] completed 82/100 | score=0.7921
[n100_k10 random_pfode seed=20252135] generating 83/100 random Z samples
[Boltz-2] sampling=deterministic PF-ODE | deterministic=True | latent=explicit z | gamma_0=0
[n100_k10 random_pfode seed=20252135] completed 83/100 | score=0.7783
[n100_k10 random_pfode seed=20252135] generating 84/100 random Z samples
[Boltz-2] sampling=deterministic PF-ODE | deterministic=True | latent=explicit z | gamma_0=0
[n100_k10 random_pfode seed=20252135] completed 84/100 | score=0.6325
[n100_k10 random_pfode seed=20252135] generating 85/100 random Z samples
[Boltz-2] sampling=deterministic PF-ODE | deterministic=True | latent=explicit z | gamma_0=0
[n100_k10 random_pfode seed=20252135] completed 85/100 | score=0.6064
[n100_k10 random_pfode seed=20252135] generating 86/100 random Z samples
[Boltz-2] sampling=deterministic PF-ODE | deterministic=True | latent=explicit z | gamma_0=0
[n100_k10 random_pfode seed=20252135] completed 86/100 | score=0.7387
[n100_k10 random_pfode seed=20252135] generating 87/100 random Z samples
[Boltz-2] sampling=deterministic PF-ODE | deterministic=True | latent=explicit z | gamma_0=0
[n100_k10 random_pfode seed=20252135] completed 87/100 | score=0.5328
[n100_k10 random_pfode seed=20252135] generating 88/100 random Z samples
[Boltz-2] sampling=deterministic PF-ODE | deterministic=True | latent=explicit z | gamma_0=0
[n100_k10 random_pfode seed=20252135] completed 88/100 | score=0.7455
[n100_k10 random_pfode seed=20252135] generating 89/100 random Z samples
[Boltz-2] sampling=deterministic PF-ODE | deterministic=True | latent=explicit z | gamma_0=0
[n100_k10 random_pfode seed=20252135] completed 89/100 | score=0.6535
[n100_k10 random_pfode seed=20252135] generating 90/100 random Z samples
[Boltz-2] sampling=deterministic PF-ODE | deterministic=True | latent=explicit z | gamma_0=0
[n100_k10 random_pfode seed=20252135] completed 90/100 | score=0.5096
[n100_k10 random_pfode seed=20252135] generating 91/100 random Z samples
[Boltz-2] sampling=deterministic PF-ODE | deterministic=True | latent=explicit z | gamma_0=0
[n100_k10 random_pfode seed=20252135] completed 91/100 | score=0.6334
[n100_k10 random_pfode seed=20252135] generating 92/100 random Z samples
[Boltz-2] sampling=deterministic PF-ODE | deterministic=True | latent=explicit z | gamma_0=0
[n100_k10 random_pfode seed=20252135] completed 92/100 | score=0.7968
[n100_k10 random_pfode seed=20252135] generating 93/100 random Z samples
[Boltz-2] sampling=deterministic PF-ODE | deterministic=True | latent=explicit z | gamma_0=0
[n100_k10 random_pfode seed=20252135] completed 93/100 | score=0.8805
[n100_k10 random_pfode seed=20252135] generating 94/100 random Z samples
[Boltz-2] sampling=deterministic PF-ODE | deterministic=True | latent=explicit z | gamma_0=0
[n100_k10 random_pfode seed=20252135] completed 94/100 | score=0.7536
[n100_k10 random_pfode seed=20252135] generating 95/100 random Z samples
[Boltz-2] sampling=deterministic PF-ODE | deterministic=True | latent=explicit z | gamma_0=0
[n100_k10 random_pfode seed=20252135] completed 95/100 | score=0.6581
[n100_k10 random_pfode seed=20252135] generating 96/100 random Z samples
[Boltz-2] sampling=deterministic PF-ODE | deterministic=True | latent=explicit z | gamma_0=0
[n100_k10 random_pfode seed=20252135] completed 96/100 | score=0.4915
[n100_k10 random_pfode seed=20252135] generating 97/100 random Z samples
[Boltz-2] sampling=deterministic PF-ODE | deterministic=True | latent=explicit z | gamma_0=0
[n100_k10 random_pfode seed=20252135] completed 97/100 | score=0.5106
[n100_k10 random_pfode seed=20252135] generating 98/100 random Z samples
[Boltz-2] sampling=deterministic PF-ODE | deterministic=True | latent=explicit z | gamma_0=0
[n100_k10 random_pfode seed=20252135] completed 98/100 | score=0.6250
[n100_k10 random_pfode seed=20252135] generating 99/100 random Z samples
[Boltz-2] sampling=deterministic PF-ODE | deterministic=True | latent=explicit z | gamma_0=0
[n100_k10 random_pfode seed=20252135] completed 99/100 | score=0.7203
[n100_k10 random_pfode seed=20252135] generating 100/100 random Z samples
[Boltz-2] sampling=deterministic PF-ODE | deterministic=True | latent=explicit z | gamma_0=0
[n100_k10 random_pfode seed=20252135] completed 100/100 | score=0.7081
[n100_k10 random_pfode seed=20252135] diagnostic complete: 100 random Z samples -> best 10; mean-of-K=0.8180
